Archive member included to satisfy reference by file (symbol)

/Applications/STM32CubeIDE.app/Contents/Eclipse/plugins/com.st.stm32cube.ide.mcu.externaltools.gnu-tools-for-stm32.13.3.rel1.macos64_1.0.0.202411102158/tools/bin/../lib/gcc/arm-none-eabi/13.3.1/../../../../arm-none-eabi/lib/thumb/v7e-m+fp/hard/libc_nano.a(libc_a-exit.o)
                              /Applications/STM32CubeIDE.app/Contents/Eclipse/plugins/com.st.stm32cube.ide.mcu.externaltools.gnu-tools-for-stm32.13.3.rel1.macos64_1.0.0.202411102158/tools/bin/../lib/gcc/arm-none-eabi/13.3.1/../../../../arm-none-eabi/lib/thumb/v7e-m+fp/hard/crt0.o (exit)
/Applications/STM32CubeIDE.app/Contents/Eclipse/plugins/com.st.stm32cube.ide.mcu.externaltools.gnu-tools-for-stm32.13.3.rel1.macos64_1.0.0.202411102158/tools/bin/../lib/gcc/arm-none-eabi/13.3.1/../../../../arm-none-eabi/lib/thumb/v7e-m+fp/hard/libc_nano.a(libc_a-findfp.o)
                              /Applications/STM32CubeIDE.app/Contents/Eclipse/plugins/com.st.stm32cube.ide.mcu.externaltools.gnu-tools-for-stm32.13.3.rel1.macos64_1.0.0.202411102158/tools/bin/../lib/gcc/arm-none-eabi/13.3.1/../../../../arm-none-eabi/lib/thumb/v7e-m+fp/hard/libc_nano.a(libc_a-exit.o) (__stdio_exit_handler)
/Applications/STM32CubeIDE.app/Contents/Eclipse/plugins/com.st.stm32cube.ide.mcu.externaltools.gnu-tools-for-stm32.13.3.rel1.macos64_1.0.0.202411102158/tools/bin/../lib/gcc/arm-none-eabi/13.3.1/../../../../arm-none-eabi/lib/thumb/v7e-m+fp/hard/libc_nano.a(libc_a-fwalk.o)
                              /Applications/STM32CubeIDE.app/Contents/Eclipse/plugins/com.st.stm32cube.ide.mcu.externaltools.gnu-tools-for-stm32.13.3.rel1.macos64_1.0.0.202411102158/tools/bin/../lib/gcc/arm-none-eabi/13.3.1/../../../../arm-none-eabi/lib/thumb/v7e-m+fp/hard/libc_nano.a(libc_a-findfp.o) (_fwalk_sglue)
/Applications/STM32CubeIDE.app/Contents/Eclipse/plugins/com.st.stm32cube.ide.mcu.externaltools.gnu-tools-for-stm32.13.3.rel1.macos64_1.0.0.202411102158/tools/bin/../lib/gcc/arm-none-eabi/13.3.1/../../../../arm-none-eabi/lib/thumb/v7e-m+fp/hard/libc_nano.a(libc_a-memset.o)
                              /Applications/STM32CubeIDE.app/Contents/Eclipse/plugins/com.st.stm32cube.ide.mcu.externaltools.gnu-tools-for-stm32.13.3.rel1.macos64_1.0.0.202411102158/tools/bin/../lib/gcc/arm-none-eabi/13.3.1/../../../../arm-none-eabi/lib/thumb/v7e-m+fp/hard/crt0.o (memset)
/Applications/STM32CubeIDE.app/Contents/Eclipse/plugins/com.st.stm32cube.ide.mcu.externaltools.gnu-tools-for-stm32.13.3.rel1.macos64_1.0.0.202411102158/tools/bin/../lib/gcc/arm-none-eabi/13.3.1/../../../../arm-none-eabi/lib/thumb/v7e-m+fp/hard/libc_nano.a(libc_a-errno.o)
                              ./Core/Src/syscalls.o (__errno)
/Applications/STM32CubeIDE.app/Contents/Eclipse/plugins/com.st.stm32cube.ide.mcu.externaltools.gnu-tools-for-stm32.13.3.rel1.macos64_1.0.0.202411102158/tools/bin/../lib/gcc/arm-none-eabi/13.3.1/../../../../arm-none-eabi/lib/thumb/v7e-m+fp/hard/libc_nano.a(libc_a-init.o)
                              /Applications/STM32CubeIDE.app/Contents/Eclipse/plugins/com.st.stm32cube.ide.mcu.externaltools.gnu-tools-for-stm32.13.3.rel1.macos64_1.0.0.202411102158/tools/bin/../lib/gcc/arm-none-eabi/13.3.1/../../../../arm-none-eabi/lib/thumb/v7e-m+fp/hard/crt0.o (__libc_init_array)
/Applications/STM32CubeIDE.app/Contents/Eclipse/plugins/com.st.stm32cube.ide.mcu.externaltools.gnu-tools-for-stm32.13.3.rel1.macos64_1.0.0.202411102158/tools/bin/../lib/gcc/arm-none-eabi/13.3.1/../../../../arm-none-eabi/lib/thumb/v7e-m+fp/hard/libc_nano.a(libc_a-lock.o)
                              /Applications/STM32CubeIDE.app/Contents/Eclipse/plugins/com.st.stm32cube.ide.mcu.externaltools.gnu-tools-for-stm32.13.3.rel1.macos64_1.0.0.202411102158/tools/bin/../lib/gcc/arm-none-eabi/13.3.1/../../../../arm-none-eabi/lib/thumb/v7e-m+fp/hard/libc_nano.a(libc_a-findfp.o) (__retarget_lock_init_recursive)
/Applications/STM32CubeIDE.app/Contents/Eclipse/plugins/com.st.stm32cube.ide.mcu.externaltools.gnu-tools-for-stm32.13.3.rel1.macos64_1.0.0.202411102158/tools/bin/../lib/gcc/arm-none-eabi/13.3.1/../../../../arm-none-eabi/lib/thumb/v7e-m+fp/hard/libc_nano.a(libc_a-impure.o)
                              /Applications/STM32CubeIDE.app/Contents/Eclipse/plugins/com.st.stm32cube.ide.mcu.externaltools.gnu-tools-for-stm32.13.3.rel1.macos64_1.0.0.202411102158/tools/bin/../lib/gcc/arm-none-eabi/13.3.1/../../../../arm-none-eabi/lib/thumb/v7e-m+fp/hard/libc_nano.a(libc_a-errno.o) (_impure_ptr)
/Applications/STM32CubeIDE.app/Contents/Eclipse/plugins/com.st.stm32cube.ide.mcu.externaltools.gnu-tools-for-stm32.13.3.rel1.macos64_1.0.0.202411102158/tools/bin/../lib/gcc/arm-none-eabi/13.3.1/../../../../arm-none-eabi/lib/thumb/v7e-m+fp/hard/libc_nano.a(libc_a-memcpy-stub.o)
                              ./Core/Src/i2c_slave.o (memcpy)
[...]
Memory Configuration

Name             Origin             Length             Attributes
RAM              0x20000000         0x00020000         xrw
FLASH            0x08000000         0x00080000         xr
*default*        0x00000000         0xffffffff

Linker script and memory map

LOAD /Applications/STM32CubeIDE.app/Contents/Eclipse/plugins/com.st.stm32cube.ide.mcu.externaltools.gnu-tools-for-stm32.13.3.rel1.macos64_1.0.0.202411102158/tools/bin/../lib/gcc/arm-none-eabi/13.3.1/thumb/v7e-m+fp/hard/crti.o
LOAD /Applications/STM32CubeIDE.app/Contents/Eclipse/plugins/com.st.stm32cube.ide.mcu.externaltools.gnu-tools-for-stm32.13.3.rel1.macos64_1.0.0.202411102158/tools/bin/../lib/gcc/arm-none-eabi/13.3.1/thumb/v7e-m+fp/hard/crtbegin.o
LOAD /Applications/STM32CubeIDE.app/Contents/Eclipse/plugins/com.st.stm32cube.ide.mcu.externaltools.gnu-tools-for-stm32.13.3.rel1.macos64_1.0.0.202411102158/tools/bin/../lib/gcc/arm-none-eabi/13.3.1/../../../../arm-none-eabi/lib/thumb/v7e-m+fp/hard/crt0.o
LOAD ./Core/Src/i2c_slave.o
LOAD ./Core/Src/main.o
LOAD ./Core/Src/stm32g4xx_hal_msp.o
LOAD ./Core/Src/stm32g4xx_it.o
LOAD ./Core/Src/syscalls.o
LOAD ./Core/Src/sysmem.o
LOAD ./Core/Src/system_stm32g4xx.o
LOAD ./Core/Startup/startup_stm32g474vehx.o
LOAD ./Drivers/STM32G4xx_HAL_Driver/Src/stm32g4xx_hal.o
LOAD ./Drivers/STM32G4xx_HAL_Driver/Src/stm32g4xx_hal_adc.o
LOAD ./Drivers/STM32G4xx_HAL_Driver/Src/stm32g4xx_hal_adc_ex.o
LOAD ./Drivers/STM32G4xx_HAL_Driver/Src/stm32g4xx_hal_cortex.o
LOAD ./Drivers/STM32G4xx_HAL_Driver/Src/stm32g4xx_hal_dma.o
LOAD ./Drivers/STM32G4xx_HAL_Driver/Src/stm32g4xx_hal_dma_ex.o
LOAD ./Drivers/STM32G4xx_HAL_Driver/Src/stm32g4xx_hal_exti.o
LOAD ./Drivers/STM32G4xx_HAL_Driver/Src/stm32g4xx_hal_fdcan.o
LOAD ./Drivers/STM32G4xx_HAL_Driver/Src/stm32g4xx_hal_flash.o
LOAD ./Drivers/STM32G4xx_HAL_Driver/Src/stm32g4xx_hal_flash_ex.o
LOAD ./Drivers/STM32G4xx_HAL_Driver/Src/stm32g4xx_hal_flash_ramfunc.o
LOAD ./Drivers/STM32G4xx_HAL_Driver/Src/stm32g4xx_hal_gpio.o
LOAD ./Drivers/STM32G4xx_HAL_Driver/Src/stm32g4xx_hal_i2c.o
LOAD ./Drivers/STM32G4xx_HAL_Driver/Src/stm32g4xx_hal_i2c_ex.o
LOAD ./Drivers/STM32G4xx_HAL_Driver/Src/stm32g4xx_hal_pwr.o
LOAD ./Drivers/STM32G4xx_HAL_Driver/Src/stm32g4xx_hal_pwr_ex.o
LOAD ./Drivers/STM32G4xx_HAL_Driver/Src/stm32g4xx_hal_rcc.o
LOAD ./Drivers/STM32G4xx_HAL_Driver/Src/stm32g4xx_hal_rcc_ex.o
LOAD ./Drivers/STM32G4xx_HAL_Driver/Src/stm32g4xx_hal_tim.o
LOAD ./Drivers/STM32G4xx_HAL_Driver/Src/stm32g4xx_hal_tim_ex.o
LOAD ./Drivers/STM32G4xx_HAL_Driver/Src/stm32g4xx_hal_uart.o
LOAD ./Drivers/STM32G4xx_HAL_Driver/Src/stm32g4xx_hal_uart_ex.o
LOAD ./Drivers/STM32G4xx_HAL_Driver/Src/stm32g4xx_ll_adc.o
START GROUP
LOAD /Applications/STM32CubeIDE.app/Contents/Eclipse/plugins/com.st.stm32cube.ide.mcu.externaltools.gnu-tools-for-stm32.13.3.rel1.macos64_1.0.0.202411102158/tools/bin/../lib/gcc/arm-none-eabi/13.3.1/../../../../arm-none-eabi/lib/thumb/v7e-m+fp/hard/libc_nano.a
LOAD /Applications/STM32CubeIDE.app/Contents/Eclipse/plugins/com.st.stm32cube.ide.mcu.externaltools.gnu-tools-for-stm32.13.3.rel1.macos64_1.0.0.202411102158/tools/bin/../lib/gcc/arm-none-eabi/13.3.1/../../../../arm-none-eabi/lib/thumb/v7e-m+fp/hard/libm.a
END GROUP
START GROUP
LOAD /Applications/STM32CubeIDE.app/Contents/Eclipse/plugins/com.st.stm32cube.ide.mcu.externaltools.gnu-tools-for-stm32.13.3.rel1.macos64_1.0.0.202411102158/tools/bin/../lib/gcc/arm-none-eabi/13.3.1/thumb/v7e-m+fp/hard/libgcc.a
LOAD /Applications/STM32CubeIDE.app/Contents/Eclipse/plugins/com.st.stm32cube.ide.mcu.externaltools.gnu-tools-for-stm32.13.3.rel1.macos64_1.0.0.202411102158/tools/bin/../lib/gcc/arm-none-eabi/13.3.1/../../../../arm-none-eabi/lib/thumb/v7e-m+fp/hard/libc_nano.a
END GROUP
START GROUP
LOAD /Applications/STM32CubeIDE.app/Contents/Eclipse/plugins/com.st.stm32cube.ide.mcu.externaltools.gnu-tools-for-stm32.13.3.rel1.macos64_1.0.0.202411102158/tools/bin/../lib/gcc/arm-none-eabi/13.3.1/thumb/v7e-m+fp/hard/libgcc.a
LOAD /Applications/STM32CubeIDE.app/Contents/Eclipse/plugins/com.st.stm32cube.ide.mcu.externaltools.gnu-tools-for-stm32.13.3.rel1.macos64_1.0.0.202411102158/tools/bin/../lib/gcc/arm-none-eabi/13.3.1/../../../../arm-none-eabi/lib/thumb/v7e-m+fp/hard/libc_nano.a
LOAD /Applications/STM32CubeIDE.app/Contents/Eclipse/plugins/com.st.stm32cube.ide.mcu.externaltools.gnu-tools-for-stm32.13.3.rel1.macos64_1.0.0.202411102158/tools/bin/../lib/gcc/arm-none-eabi/13.3.1/../../../../arm-none-eabi/lib/thumb/v7e-m+fp/hard/libnosys.a
END GROUP
START GROUP
LOAD /Applications/STM32CubeIDE.app/Contents/Eclipse/plugins/com.st.stm32cube.ide.mcu.externaltools.gnu-tools-for-stm32.13.3.rel1.macos64_1.0.0.202411102158/tools/bin/../lib/gcc/arm-none-eabi/13.3.1/thumb/v7e-m+fp/hard/libgcc.a
LOAD /Applications/STM32CubeIDE.app/Contents/Eclipse/plugins/com.st.stm32cube.ide.mcu.externaltools.gnu-tools-for-stm32.13.3.rel1.macos64_1.0.0.202411102158/tools/bin/../lib/gcc/arm-none-eabi/13.3.1/../../../../arm-none-eabi/lib/thumb/v7e-m+fp/hard/libc_nano.a
LOAD /Applications/STM32CubeIDE.app/Contents/Eclipse/plugins/com.st.stm32cube.ide.mcu.externaltools.gnu-tools-for-stm32.13.3.rel1.macos64_1.0.0.202411102158/tools/bin/../lib/gcc/arm-none-eabi/13.3.1/../../../../arm-none-eabi/lib/thumb/v7e-m+fp/hard/libnosys.a
END GROUP
LOAD /Applications/STM32CubeIDE.app/Contents/Eclipse/plugins/com.st.stm32cube.ide.mcu.externaltools.gnu-tools-for-stm32.13.3.rel1.macos64_1.0.0.202411102158/tools/bin/../lib/gcc/arm-none-eabi/13.3.1/thumb/v7e-m+fp/hard/crtend.o
LOAD /Applications/STM32CubeIDE.app/Contents/Eclipse/plugins/com.st.stm32cube.ide.mcu.externaltools.gnu-tools-for-stm32.13.3.rel1.macos64_1.0.0.202411102158/tools/bin/../lib/gcc/arm-none-eabi/13.3.1/thumb/v7e-m+fp/hard/crtn.o
                0x20020000                        _estack = (ORIGIN (RAM) + LENGTH (RAM))
                0x00000200                        _Min_Heap_Size = 0x200
                0x00000400                        _Min_Stack_Size = 0x400

.isr_vector     0x08000000      0x1d8
                0x08000000                        . = ALIGN (0x4)
 *(.isr_vector)
 .isr_vector    0x08000000      0x1d8 ./Core/Startup/startup_stm32g474vehx.o
                0x08000000                g_pfnVectors
                0x080001d8                        . = ALIGN (0x4)

.text           0x080001d8     0xab98
                0x080001d8                        . = ALIGN (0x4)
 *(.text)
 .text          0x080001d8       0x40 /Applications/STM32CubeIDE.app/Contents/Eclipse/plugins/com.st.stm32cube.ide.mcu.externaltools.gnu-tools-for-stm32.13.3.rel1.macos64_1.0.0.202411102158/tools/bin/../lib/gcc/arm-none-eabi/13.3.1/thumb/v7e-m+fp/hard/crtbegin.o
 .text          0x08000218      0x254 /Applications/STM32CubeIDE.app/Contents/Eclipse/plugins/com.st.stm32cube.ide.mcu.externaltools.gnu-tools-for-stm32.13.3.rel1.macos64_1.0.0.202411102158/tools/bin/../lib/gcc/arm-none-eabi/13.3.1/thumb/v7e-m+fp/hard/libgcc.a(_arm_muldf3.o)
                0x08000218                __aeabi_dmul
                0x08000218                __muldf3
 .text          0x0800046c      0x378 /Applications/STM32CubeIDE.app/Contents/Eclipse/plugins/com.st.stm32cube.ide.mcu.externaltools.gnu-tools-for-stm32.13.3.rel1.macos64_1.0.0.202411102158/tools/bin/../lib/gcc/arm-none-eabi/13.3.1/thumb/v7e-m+fp/hard/libgcc.a(_arm_addsubdf3.o)
                0x0800046c                __aeabi_drsub
                0x08000474                __subdf3
                0x08000474                __aeabi_dsub
                0x08000478                __aeabi_dadd
                0x08000478                __adddf3
                0x080006f0                __aeabi_ui2d
                0x080006f0                __floatunsidf
                0x08000710                __floatsidf
                0x08000710                __aeabi_i2d
                0x08000734                __extendsfdf2
                0x08000734                __aeabi_f2d
                0x08000778                __aeabi_ul2d
                0x08000778                __floatundidf
                0x08000788                __aeabi_l2d
                0x08000788                __floatdidf
 .text          0x080007e4      0x110 /Applications/STM32CubeIDE.app/Contents/Eclipse/plugins/com.st.stm32cube.ide.mcu.externaltools.gnu-tools-for-stm32.13.3.rel1.macos64_1.0.0.202411102158/tools/bin/../lib/gcc/arm-none-eabi/13.3.1/thumb/v7e-m+fp/hard/libgcc.a(_arm_cmpdf2.o)
                0x080007e4                __gedf2
                0x080007e4                __gtdf2
                0x080007ec                __ledf2
                0x080007ec                __ltdf2
                0x080007f4                __cmpdf2
                0x080007f4                __eqdf2
                0x080007f4                __nedf2
                0x08000870                __aeabi_cdrcmple
                0x08000880                __aeabi_cdcmple
                0x08000880                __aeabi_cdcmpeq
                0x08000890                __aeabi_dcmpeq
                0x080008a4                __aeabi_dcmplt
                0x080008b8                __aeabi_dcmple
                0x080008cc                __aeabi_dcmpge
                0x080008e0                __aeabi_dcmpgt
 .text          0x080008f4       0xa0 /Applications/STM32CubeIDE.app/Contents/Eclipse/plugins/com.st.stm32cube.ide.mcu.externaltools.gnu-tools-for-stm32.13.3.rel1.macos64_1.0.0.202411102158/tools/bin/../lib/gcc/arm-none-eabi/13.3.1/thumb/v7e-m+fp/hard/libgcc.a(_arm_truncdfsf2.o)
                0x080008f4                __aeabi_d2f
                0x080008f4                __truncdfsf2
 .text          0x08000994       0x30 /Applications/STM32CubeIDE.app/Contents/Eclipse/plugins/com.st.stm32cube.ide.mcu.externaltools.gnu-tools-for-stm32.13.3.rel1.macos64_1.0.0.202411102158/tools/bin/../lib/gcc/arm-none-eabi/13.3.1/thumb/v7e-m+fp/hard/libgcc.a(_aeabi_uldivmod.o)
                0x08000994                __aeabi_uldivmod
 .text          0x080009c4      0x2f8 /Applications/STM32CubeIDE.app/Contents/Eclipse/plugins/com.st.stm32cube.ide.mcu.externaltools.gnu-tools-for-stm32.13.3.rel1.macos64_1.0.0.202411102158/tools/bin/../lib/gcc/arm-none-eabi/13.3.1/thumb/v7e-m+fp/hard/libgcc.a(_udivmoddi4.o)
                0x080009c4                __udivmoddi4
 .text          0x08000cbc        0x4 /Applications/STM32CubeIDE.app/Contents/Eclipse/plugins/com.st.stm32cube.ide.mcu.externaltools.gnu-tools-for-stm32.13.3.rel1.macos64_1.0.0.202411102158/tools/bin/../lib/gcc/arm-none-eabi/13.3.1/thumb/v7e-m+fp/hard/libgcc.a(_dvmd_tls.o)
                0x08000cbc                __aeabi_ldiv0
                0x08000cbc                __aeabi_idiv0
 *(.text*)
 .text.I2C_Slave_Init
                0x08000cc0       0x20 ./Core/Src/i2c_slave.o
                0x08000cc0                I2C_Slave_Init
 .text.I2C_Register_Init
                0x08000ce0       0x78 ./Core/Src/i2c_slave.o
                0x08000ce0                I2C_Register_Init
 .text.HAL_I2C_AddrCallback
                0x08000d58       0xd0 ./Core/Src/i2c_slave.o
                0x08000d58                HAL_I2C_AddrCallback
 .text.HAL_I2C_SlaveRxCpltCallback
                0x08000e28       0xe4 ./Core/Src/i2c_slave.o
                0x08000e28                HAL_I2C_SlaveRxCpltCallback
 .text.HAL_I2C_SlaveTxCpltCallback
                0x08000f0c       0x20 ./Core/Src/i2c_slave.o
                0x08000f0c                HAL_I2C_SlaveTxCpltCallback
 .text.HAL_I2C_ListenCpltCallback
                0x08000f2c       0x16 ./Core/Src/i2c_slave.o
                0x08000f2c                HAL_I2C_ListenCpltCallback
 *fill*         0x08000f42        0x6 
 .text.main     0x08000f48      0x25c ./Core/Src/main.o
                0x08000f48                main
 .text.SystemClock_Config
                0x080011a4       0x92 ./Core/Src/main.o
                0x080011a4                SystemClock_Config
 *fill*         0x08001236        0x2 
 .text.MX_ADC1_Init
                0x08001238      0x144 ./Core/Src/main.o
 .text.MX_ADC2_Init
                0x0800137c       0xc8 ./Core/Src/main.o
 .text.MX_ADC3_Init
                0x08001444      0x10c ./Core/Src/main.o
 .text.MX_ADC4_Init
                0x08001550       0xc8 ./Core/Src/main.o
 .text.MX_ADC5_Init
                0x08001618       0xc8 ./Core/Src/main.o
 .text.MX_FDCAN1_Init
                0x080016e0       0x8c ./Core/Src/main.o
 .text.MX_I2C1_Init
                0x0800176c       0x80 ./Core/Src/main.o
 .text.MX_TIM1_Init
                0x080017ec      0x190 ./Core/Src/main.o
 .text.MX_TIM3_Init
                0x0800197c      0x11c ./Core/Src/main.o
 .text.MX_TIM6_Init
                0x08001a98       0x6c ./Core/Src/main.o
 .text.MX_TIM8_Init
                0x08001b04      0x190 ./Core/Src/main.o
 .text.MX_TIM20_Init
                0x08001c94      0x190 ./Core/Src/main.o
 .text.MX_UART4_Init
                0x08001e24       0x98 ./Core/Src/main.o
 .text.MX_USART1_UART_Init
                0x08001ebc       0x98 ./Core/Src/main.o
 .text.MX_USART2_UART_Init
                0x08001f54       0x98 ./Core/Src/main.o
 .text.MX_USART3_UART_Init
                0x08001fec       0x98 ./Core/Src/main.o
 .text.MX_GPIO_Init
                0x08002084       0xd0 ./Core/Src/main.o
 *fill*         0x08002154        0x4 
 .text.HAL_ADC_ConvCpltCallback
                0x08002158      0x1e8 ./Core/Src/main.o
                0x08002158                HAL_ADC_ConvCpltCallback
 .text.HAL_FDCAN_RxFifo0Callback
                0x08002340       0x30 ./Core/Src/main.o
                0x08002340                HAL_FDCAN_RxFifo0Callback
 .text.Error_Handler
                0x08002370        0xc ./Core/Src/main.o
                0x08002370                Error_Handler
 .text.HAL_MspInit
                0x0800237c       0x48 ./Core/Src/stm32g4xx_hal_msp.o
                0x0800237c                HAL_MspInit
 .text.HAL_ADC_MspInit
                0x080023c4      0x460 ./Core/Src/stm32g4xx_hal_msp.o
                0x080023c4                HAL_ADC_MspInit
 .text.HAL_FDCAN_MspInit
                0x08002824       0xd4 ./Core/Src/stm32g4xx_hal_msp.o
                0x08002824                HAL_FDCAN_MspInit
 .text.HAL_I2C_MspInit
                0x080028f8       0xfc ./Core/Src/stm32g4xx_hal_msp.o
                0x080028f8                HAL_I2C_MspInit
 .text.HAL_TIM_Base_MspInit
                0x080029f4       0xe0 ./Core/Src/stm32g4xx_hal_msp.o
                0x080029f4                HAL_TIM_Base_MspInit
 .text.HAL_TIM_MspPostInit
                0x08002ad4      0x220 ./Core/Src/stm32g4xx_hal_msp.o
                0x08002ad4                HAL_TIM_MspPostInit
 .text.HAL_UART_MspInit
                0x08002cf4      0x2a0 ./Core/Src/stm32g4xx_hal_msp.o
                0x08002cf4                HAL_UART_MspInit
 .text.NMI_Handler
                0x08002f94        0x8 ./Core/Src/stm32g4xx_it.o
                0x08002f94                NMI_Handler
 .text.HardFault_Handler
                0x08002f9c        0x8 ./Core/Src/stm32g4xx_it.o
                0x08002f9c                HardFault_Handler
 .text.MemManage_Handler
                0x08002fa4        0x8 ./Core/Src/stm32g4xx_it.o
                0x08002fa4                MemManage_Handler
 .text.BusFault_Handler
                0x08002fac        0x8 ./Core/Src/stm32g4xx_it.o
                0x08002fac                BusFault_Handler
 .text.UsageFault_Handler
                0x08002fb4        0x8 ./Core/Src/stm32g4xx_it.o
                0x08002fb4                UsageFault_Handler
 .text.SVC_Handler
                0x08002fbc        0xe ./Core/Src/stm32g4xx_it.o
                0x08002fbc                SVC_Handler
 .text.DebugMon_Handler
                0x08002fca        0xe ./Core/Src/stm32g4xx_it.o
                0x08002fca                DebugMon_Handler
 .text.PendSV_Handler
                0x08002fd8        0xe ./Core/Src/stm32g4xx_it.o
                0x08002fd8                PendSV_Handler
 .text.SysTick_Handler
                0x08002fe6        0xc ./Core/Src/stm32g4xx_it.o
                0x08002fe6                SysTick_Handler
 *fill*         0x08002ff2        0x2 
 .text.FDCAN1_IT0_IRQHandler
                0x08002ff4       0x14 ./Core/Src/stm32g4xx_it.o
                0x08002ff4                FDCAN1_IT0_IRQHandler
 .text.FDCAN1_IT1_IRQHandler
                0x08003008       0x14 ./Core/Src/stm32g4xx_it.o
                0x08003008                FDCAN1_IT1_IRQHandler
 .text.I2C1_EV_IRQHandler
                0x0800301c       0x14 ./Core/Src/stm32g4xx_it.o
                0x0800301c                I2C1_EV_IRQHandler
 .text.ADC3_IRQHandler
                0x08003030       0x14 ./Core/Src/stm32g4xx_it.o
                0x08003030                ADC3_IRQHandler
 .text.SystemInit
                0x08003044       0x24 ./Core/Src/system_stm32g4xx.o
                0x08003044                SystemInit
 .text.Reset_Handler
                0x08003068       0x50 ./Core/Startup/startup_stm32g474vehx.o
                0x08003068                Reset_Handler
 .text.Default_Handler
                0x080030b8        0x2 ./Core/Startup/startup_stm32g474vehx.o
                0x080030b8                TIM1_BRK_TIM15_IRQHandler
                0x080030b8                EXTI2_IRQHandler
                0x080030b8                TIM8_TRG_COM_IRQHandler
                0x080030b8                TIM8_CC_IRQHandler
                0x080030b8                HRTIM1_Master_IRQHandler
                0x080030b8                SPI4_IRQHandler
                0x080030b8                FDCAN3_IT0_IRQHandler
                0x080030b8                TIM1_CC_IRQHandler
                0x080030b8                HRTIM1_FLT_IRQHandler
                0x080030b8                HRTIM1_TIMF_IRQHandler
                0x080030b8                USB_HP_IRQHandler
                0x080030b8                CORDIC_IRQHandler
                0x080030b8                HRTIM1_TIMD_IRQHandler
                0x080030b8                DMA2_Channel8_IRQHandler
                0x080030b8                EXTI3_IRQHandler
                0x080030b8                I2C3_ER_IRQHandler
                0x080030b8                EXTI0_IRQHandler
                0x080030b8                I2C2_EV_IRQHandler
                0x080030b8                FPU_IRQHandler
                0x080030b8                TIM1_UP_TIM16_IRQHandler
                0x080030b8                ADC1_2_IRQHandler
                0x080030b8                HRTIM1_TIME_IRQHandler
                0x080030b8                SPI1_IRQHandler
                0x080030b8                TIM6_DAC_IRQHandler
                0x080030b8                HRTIM1_TIMC_IRQHandler
                0x080030b8                TIM8_UP_IRQHandler
                0x080030b8                DMA2_Channel2_IRQHandler
                0x080030b8                DMA1_Channel4_IRQHandler
                0x080030b8                TIM20_TRG_COM_IRQHandler
                0x080030b8                USART3_IRQHandler
                0x080030b8                DMA1_Channel7_IRQHandler
                0x080030b8                UART5_IRQHandler
                0x080030b8                TIM4_IRQHandler
                0x080030b8                DMA2_Channel1_IRQHandler
                0x080030b8                QUADSPI_IRQHandler
                0x080030b8                DMA1_Channel6_IRQHandler
                0x080030b8                UART4_IRQHandler
                0x080030b8                DMA2_Channel4_IRQHandler
                0x080030b8                TIM3_IRQHandler
                0x080030b8                RCC_IRQHandler
                0x080030b8                TIM20_UP_IRQHandler
                0x080030b8                DMA1_Channel1_IRQHandler
                0x080030b8                Default_Handler
                0x080030b8                DMA2_Channel7_IRQHandler
                0x080030b8                RTC_TAMP_LSECSS_IRQHandler
                0x080030b8                FMAC_IRQHandler
                0x080030b8                EXTI15_10_IRQHandler
                0x080030b8                DMA1_Channel8_IRQHandler
                0x080030b8                HRTIM1_TIMA_IRQHandler
                0x080030b8                TIM7_DAC_IRQHandler
                0x080030b8                FDCAN3_IT1_IRQHandler
                0x080030b8                TIM5_IRQHandler
                0x080030b8                UCPD1_IRQHandler
                0x080030b8                I2C3_EV_IRQHandler
                0x080030b8                EXTI9_5_IRQHandler
                0x080030b8                RTC_WKUP_IRQHandler
                0x080030b8                PVD_PVM_IRQHandler
                0x080030b8                SPI2_IRQHandler
                0x080030b8                ADC5_IRQHandler
                0x080030b8                DMA2_Channel5_IRQHandler
                0x080030b8                CRS_IRQHandler
                0x080030b8                DMA1_Channel5_IRQHandler
                0x080030b8                USB_LP_IRQHandler
                0x080030b8                EXTI4_IRQHandler
                0x080030b8                RNG_IRQHandler
                0x080030b8                HRTIM1_TIMB_IRQHandler
                0x080030b8                TIM1_TRG_COM_TIM17_IRQHandler
                0x080030b8                FDCAN2_IT1_IRQHandler
                0x080030b8                DMA1_Channel3_IRQHandler
                0x080030b8                ADC4_IRQHandler
                0x080030b8                WWDG_IRQHandler
                0x080030b8                I2C4_EV_IRQHandler
                0x080030b8                FDCAN2_IT0_IRQHandler
                0x080030b8                LPUART1_IRQHandler
                0x080030b8                DMA2_Channel6_IRQHandler
                0x080030b8                TIM2_IRQHandler
                0x080030b8                COMP7_IRQHandler
                0x080030b8                COMP1_2_3_IRQHandler
                0x080030b8                EXTI1_IRQHandler
                0x080030b8                USART2_IRQHandler
                0x080030b8                COMP4_5_6_IRQHandler
                0x080030b8                TIM20_BRK_IRQHandler
                0x080030b8                I2C2_ER_IRQHandler
                0x080030b8                DMA1_Channel2_IRQHandler
                0x080030b8                TIM8_BRK_IRQHandler
                0x080030b8                FLASH_IRQHandler
                0x080030b8                TIM20_CC_IRQHandler
                0x080030b8                USART1_IRQHandler
                0x080030b8                SPI3_IRQHandler
                0x080030b8                I2C1_ER_IRQHandler
                0x080030b8                FMC_IRQHandler
                0x080030b8                LPTIM1_IRQHandler
                0x080030b8                DMAMUX_OVR_IRQHandler
                0x080030b8                I2C4_ER_IRQHandler
                0x080030b8                USBWakeUp_IRQHandler
                0x080030b8                SAI1_IRQHandler
                0x080030b8                DMA2_Channel3_IRQHandler
                0x080030b8                RTC_Alarm_IRQHandler
 .text.HAL_Init
                0x080030ba       0x30 ./Drivers/STM32G4xx_HAL_Driver/Src/stm32g4xx_hal.o
                0x080030ba                HAL_Init
 *fill*         0x080030ea        0x2 
 .text.HAL_InitTick
                0x080030ec       0x74 ./Drivers/STM32G4xx_HAL_Driver/Src/stm32g4xx_hal.o
                0x080030ec                HAL_InitTick
 .text.HAL_IncTick
                0x08003160       0x24 ./Drivers/STM32G4xx_HAL_Driver/Src/stm32g4xx_hal.o
                0x08003160                HAL_IncTick
 .text.HAL_GetTick
                0x08003184       0x18 ./Drivers/STM32G4xx_HAL_Driver/Src/stm32g4xx_hal.o
                0x08003184                HAL_GetTick
 .text.HAL_Delay
                0x0800319c       0x44 ./Drivers/STM32G4xx_HAL_Driver/Src/stm32g4xx_hal.o
                0x0800319c                HAL_Delay
 .text.LL_ADC_SetCommonClock
                0x080031e0       0x26 ./Drivers/STM32G4xx_HAL_Driver/Src/stm32g4xx_hal_adc.o
 .text.LL_ADC_SetCommonPathInternalCh
                0x08003206       0x26 ./Drivers/STM32G4xx_HAL_Driver/Src/stm32g4xx_hal_adc.o
 .text.LL_ADC_GetCommonPathInternalCh
                0x0800322c       0x1c ./Drivers/STM32G4xx_HAL_Driver/Src/stm32g4xx_hal_adc.o
 .text.LL_ADC_SetOffset
                0x08003248       0x48 ./Drivers/STM32G4xx_HAL_Driver/Src/stm32g4xx_hal_adc.o
 .text.LL_ADC_GetOffsetChannel
                0x08003290       0x2c ./Drivers/STM32G4xx_HAL_Driver/Src/stm32g4xx_hal_adc.o
 .text.LL_ADC_SetOffsetState
                0x080032bc       0x36 ./Drivers/STM32G4xx_HAL_Driver/Src/stm32g4xx_hal_adc.o
 .text.LL_ADC_SetOffsetSign
                0x080032f2       0x36 ./Drivers/STM32G4xx_HAL_Driver/Src/stm32g4xx_hal_adc.o
 .text.LL_ADC_SetOffsetSaturation
                0x08003328       0x36 ./Drivers/STM32G4xx_HAL_Driver/Src/stm32g4xx_hal_adc.o
 .text.LL_ADC_SetSamplingTimeCommonConfig
                0x0800335e       0x26 ./Drivers/STM32G4xx_HAL_Driver/Src/stm32g4xx_hal_adc.o
 .text.LL_ADC_REG_IsTriggerSourceSWStart
                0x08003384       0x26 ./Drivers/STM32G4xx_HAL_Driver/Src/stm32g4xx_hal_adc.o
 .text.LL_ADC_REG_SetSequencerRanks
                0x080033aa       0x58 ./Drivers/STM32G4xx_HAL_Driver/Src/stm32g4xx_hal_adc.o
 .text.LL_ADC_INJ_IsTriggerSourceSWStart
                0x08003402       0x26 ./Drivers/STM32G4xx_HAL_Driver/Src/stm32g4xx_hal_adc.o
 .text.LL_ADC_SetChannelSamplingTime
                0x08003428       0x56 ./Drivers/STM32G4xx_HAL_Driver/Src/stm32g4xx_hal_adc.o
 *fill*         0x0800347e        0x2 
 .text.LL_ADC_SetChannelSingleDiff
                0x08003480       0x48 ./Drivers/STM32G4xx_HAL_Driver/Src/stm32g4xx_hal_adc.o
 .text.LL_ADC_GetMultimode
                0x080034c8       0x1c ./Drivers/STM32G4xx_HAL_Driver/Src/stm32g4xx_hal_adc.o
 .text.LL_ADC_GetMultiDMATransfer
                0x080034e4       0x1c ./Drivers/STM32G4xx_HAL_Driver/Src/stm32g4xx_hal_adc.o
 .text.LL_ADC_DisableDeepPowerDown
                0x08003500       0x24 ./Drivers/STM32G4xx_HAL_Driver/Src/stm32g4xx_hal_adc.o
 .text.LL_ADC_IsDeepPowerDownEnabled
                0x08003524       0x28 ./Drivers/STM32G4xx_HAL_Driver/Src/stm32g4xx_hal_adc.o
 .text.LL_ADC_EnableInternalRegulator
                0x0800354c       0x28 ./Drivers/STM32G4xx_HAL_Driver/Src/stm32g4xx_hal_adc.o
 .text.LL_ADC_IsInternalRegulatorEnabled
                0x08003574       0x28 ./Drivers/STM32G4xx_HAL_Driver/Src/stm32g4xx_hal_adc.o
 .text.LL_ADC_Enable
                0x0800359c       0x28 ./Drivers/STM32G4xx_HAL_Driver/Src/stm32g4xx_hal_adc.o
 .text.LL_ADC_Disable
                0x080035c4       0x28 ./Drivers/STM32G4xx_HAL_Driver/Src/stm32g4xx_hal_adc.o
 .text.LL_ADC_IsEnabled
                0x080035ec       0x26 ./Drivers/STM32G4xx_HAL_Driver/Src/stm32g4xx_hal_adc.o
 .text.LL_ADC_IsDisableOngoing
                0x08003612       0x26 ./Drivers/STM32G4xx_HAL_Driver/Src/stm32g4xx_hal_adc.o
 .text.LL_ADC_REG_StartConversion
                0x08003638       0x28 ./Drivers/STM32G4xx_HAL_Driver/Src/stm32g4xx_hal_adc.o
 .text.LL_ADC_REG_IsConversionOngoing
                0x08003660       0x26 ./Drivers/STM32G4xx_HAL_Driver/Src/stm32g4xx_hal_adc.o
 .text.LL_ADC_INJ_IsConversionOngoing
                0x08003686       0x26 ./Drivers/STM32G4xx_HAL_Driver/Src/stm32g4xx_hal_adc.o
 .text.HAL_ADC_Init
                0x080036ac      0x378 ./Drivers/STM32G4xx_HAL_Driver/Src/stm32g4xx_hal_adc.o
                0x080036ac                HAL_ADC_Init
 .text.HAL_ADC_Start
                0x08003a24      0x1c8 ./Drivers/STM32G4xx_HAL_Driver/Src/stm32g4xx_hal_adc.o
                0x08003a24                HAL_ADC_Start
 .text.HAL_ADC_PollForConversion
                0x08003bec      0x20c ./Drivers/STM32G4xx_HAL_Driver/Src/stm32g4xx_hal_adc.o
                0x08003bec                HAL_ADC_PollForConversion
 .text.HAL_ADC_Start_IT
                0x08003df8      0x2b0 ./Drivers/STM32G4xx_HAL_Driver/Src/stm32g4xx_hal_adc.o
                0x08003df8                HAL_ADC_Start_IT
 .text.HAL_ADC_GetValue
                0x080040a8       0x1a ./Drivers/STM32G4xx_HAL_Driver/Src/stm32g4xx_hal_adc.o
                0x080040a8                HAL_ADC_GetValue
 *fill*         0x080040c2        0x2 
 .text.HAL_ADC_IRQHandler
                0x080040c4      0x4c0 ./Drivers/STM32G4xx_HAL_Driver/Src/stm32g4xx_hal_adc.o
                0x080040c4                HAL_ADC_IRQHandler
 .text.HAL_ADC_LevelOutOfWindowCallback
                0x08004584       0x14 ./Drivers/STM32G4xx_HAL_Driver/Src/stm32g4xx_hal_adc.o
                0x08004584                HAL_ADC_LevelOutOfWindowCallback
 .text.HAL_ADC_ErrorCallback
                0x08004598       0x14 ./Drivers/STM32G4xx_HAL_Driver/Src/stm32g4xx_hal_adc.o
                0x08004598                HAL_ADC_ErrorCallback
 .text.HAL_ADC_ConfigChannel
                0x080045ac      0x880 ./Drivers/STM32G4xx_HAL_Driver/Src/stm32g4xx_hal_adc.o
                0x080045ac                HAL_ADC_ConfigChannel
 .text.ADC_Enable
                0x08004e2c      0x12c ./Drivers/STM32G4xx_HAL_Driver/Src/stm32g4xx_hal_adc.o
                0x08004e2c                ADC_Enable
 .text.ADC_Disable
                0x08004f58       0xbe ./Drivers/STM32G4xx_HAL_Driver/Src/stm32g4xx_hal_adc.o
                0x08004f58                ADC_Disable
 .text.LL_ADC_IsEnabled
                0x08005016       0x26 ./Drivers/STM32G4xx_HAL_Driver/Src/stm32g4xx_hal_adc_ex.o
 .text.LL_ADC_StartCalibration
                0x0800503c       0x32 ./Drivers/STM32G4xx_HAL_Driver/Src/stm32g4xx_hal_adc_ex.o
 .text.LL_ADC_IsCalibrationOnGoing
                0x0800506e       0x28 ./Drivers/STM32G4xx_HAL_Driver/Src/stm32g4xx_hal_adc_ex.o
 .text.LL_ADC_REG_IsConversionOngoing
                0x08005096       0x26 ./Drivers/STM32G4xx_HAL_Driver/Src/stm32g4xx_hal_adc_ex.o
 .text.HAL_ADCEx_Calibration_Start
                0x080050bc       0xc4 ./Drivers/STM32G4xx_HAL_Driver/Src/stm32g4xx_hal_adc_ex.o
                0x080050bc                HAL_ADCEx_Calibration_Start
 .text.HAL_ADCEx_InjectedConvCpltCallback
                0x08005180       0x14 ./Drivers/STM32G4xx_HAL_Driver/Src/stm32g4xx_hal_adc_ex.o
                0x08005180                HAL_ADCEx_InjectedConvCpltCallback
 .text.HAL_ADCEx_InjectedQueueOverflowCallback
                0x08005194       0x14 ./Drivers/STM32G4xx_HAL_Driver/Src/stm32g4xx_hal_adc_ex.o
                0x08005194                HAL_ADCEx_InjectedQueueOverflowCallback
 .text.HAL_ADCEx_LevelOutOfWindow2Callback
                0x080051a8       0x14 ./Drivers/STM32G4xx_HAL_Driver/Src/stm32g4xx_hal_adc_ex.o
                0x080051a8                HAL_ADCEx_LevelOutOfWindow2Callback
 .text.HAL_ADCEx_LevelOutOfWindow3Callback
                0x080051bc       0x14 ./Drivers/STM32G4xx_HAL_Driver/Src/stm32g4xx_hal_adc_ex.o
                0x080051bc                HAL_ADCEx_LevelOutOfWindow3Callback
 .text.HAL_ADCEx_EndOfSamplingCallback
                0x080051d0       0x14 ./Drivers/STM32G4xx_HAL_Driver/Src/stm32g4xx_hal_adc_ex.o
                0x080051d0                HAL_ADCEx_EndOfSamplingCallback
 .text.HAL_ADCEx_MultiModeConfigChannel
                0x080051e4      0x210 ./Drivers/STM32G4xx_HAL_Driver/Src/stm32g4xx_hal_adc_ex.o
                0x080051e4                HAL_ADCEx_MultiModeConfigChannel
 .text.__NVIC_SetPriorityGrouping
                0x080053f4       0x48 ./Drivers/STM32G4xx_HAL_Driver/Src/stm32g4xx_hal_cortex.o
 .text.__NVIC_GetPriorityGrouping
                0x0800543c       0x1c ./Drivers/STM32G4xx_HAL_Driver/Src/stm32g4xx_hal_cortex.o
 .text.__NVIC_EnableIRQ
                0x08005458       0x3c ./Drivers/STM32G4xx_HAL_Driver/Src/stm32g4xx_hal_cortex.o
 .text.__NVIC_SetPriority
                0x08005494       0x54 ./Drivers/STM32G4xx_HAL_Driver/Src/stm32g4xx_hal_cortex.o
 .text.NVIC_EncodePriority
                0x080054e8       0x66 ./Drivers/STM32G4xx_HAL_Driver/Src/stm32g4xx_hal_cortex.o
 *fill*         0x0800554e        0x2 
 .text.SysTick_Config
                0x08005550       0x44 ./Drivers/STM32G4xx_HAL_Driver/Src/stm32g4xx_hal_cortex.o
 .text.HAL_NVIC_SetPriorityGrouping
                0x08005594       0x16 ./Drivers/STM32G4xx_HAL_Driver/Src/stm32g4xx_hal_cortex.o
                0x08005594                HAL_NVIC_SetPriorityGrouping
 .text.HAL_NVIC_SetPriority
                0x080055aa       0x34 ./Drivers/STM32G4xx_HAL_Driver/Src/stm32g4xx_hal_cortex.o
                0x080055aa                HAL_NVIC_SetPriority
 .text.HAL_NVIC_EnableIRQ
                0x080055de       0x1c ./Drivers/STM32G4xx_HAL_Driver/Src/stm32g4xx_hal_cortex.o
                0x080055de                HAL_NVIC_EnableIRQ
 .text.HAL_SYSTICK_Config
                0x080055fa       0x18 ./Drivers/STM32G4xx_HAL_Driver/Src/stm32g4xx_hal_cortex.o
                0x080055fa                HAL_SYSTICK_Config
 .text.HAL_DMA_Abort_IT
                0x08005612       0xce ./Drivers/STM32G4xx_HAL_Driver/Src/stm32g4xx_hal_dma.o
                0x08005612                HAL_DMA_Abort_IT
 .text.HAL_DMA_GetState
                0x080056e0       0x1c ./Drivers/STM32G4xx_HAL_Driver/Src/stm32g4xx_hal_dma.o
                0x080056e0                HAL_DMA_GetState
 .text.HAL_FDCAN_Init
                0x080056fc      0x2b4 ./Drivers/STM32G4xx_HAL_Driver/Src/stm32g4xx_hal_fdcan.o
                0x080056fc                HAL_FDCAN_Init
 .text.HAL_FDCAN_IRQHandler
                0x080059b0      0x266 ./Drivers/STM32G4xx_HAL_Driver/Src/stm32g4xx_hal_fdcan.o
                0x080059b0                HAL_FDCAN_IRQHandler
 .text.HAL_FDCAN_TxEventFifoCallback
                0x08005c16       0x16 ./Drivers/STM32G4xx_HAL_Driver/Src/stm32g4xx_hal_fdcan.o
                0x08005c16                HAL_FDCAN_TxEventFifoCallback
 .text.HAL_FDCAN_RxFifo1Callback
                0x08005c2c       0x16 ./Drivers/STM32G4xx_HAL_Driver/Src/stm32g4xx_hal_fdcan.o
                0x08005c2c                HAL_FDCAN_RxFifo1Callback
 .text.HAL_FDCAN_TxFifoEmptyCallback
                0x08005c42       0x14 ./Drivers/STM32G4xx_HAL_Driver/Src/stm32g4xx_hal_fdcan.o
                0x08005c42                HAL_FDCAN_TxFifoEmptyCallback
 .text.HAL_FDCAN_TxBufferCompleteCallback
                0x08005c56       0x16 ./Drivers/STM32G4xx_HAL_Driver/Src/stm32g4xx_hal_fdcan.o
                0x08005c56                HAL_FDCAN_TxBufferCompleteCallback
 .text.HAL_FDCAN_TxBufferAbortCallback
                0x08005c6c       0x16 ./Drivers/STM32G4xx_HAL_Driver/Src/stm32g4xx_hal_fdcan.o
                0x08005c6c                HAL_FDCAN_TxBufferAbortCallback
 .text.HAL_FDCAN_TimestampWraparoundCallback
                0x08005c82       0x14 ./Drivers/STM32G4xx_HAL_Driver/Src/stm32g4xx_hal_fdcan.o
                0x08005c82                HAL_FDCAN_TimestampWraparoundCallback
 .text.HAL_FDCAN_TimeoutOccurredCallback
                0x08005c96       0x14 ./Drivers/STM32G4xx_HAL_Driver/Src/stm32g4xx_hal_fdcan.o
                0x08005c96                HAL_FDCAN_TimeoutOccurredCallback
 .text.HAL_FDCAN_HighPriorityMessageCallback
                0x08005caa       0x14 ./Drivers/STM32G4xx_HAL_Driver/Src/stm32g4xx_hal_fdcan.o
                0x08005caa                HAL_FDCAN_HighPriorityMessageCallback
 .text.HAL_FDCAN_ErrorCallback
                0x08005cbe       0x14 ./Drivers/STM32G4xx_HAL_Driver/Src/stm32g4xx_hal_fdcan.o
                0x08005cbe                HAL_FDCAN_ErrorCallback
 .text.HAL_FDCAN_ErrorStatusCallback
                0x08005cd2       0x16 ./Drivers/STM32G4xx_HAL_Driver/Src/stm32g4xx_hal_fdcan.o
                0x08005cd2                HAL_FDCAN_ErrorStatusCallback
 .text.FDCAN_CalcultateRamBlockAddresses
                0x08005ce8       0xd8 ./Drivers/STM32G4xx_HAL_Driver/Src/stm32g4xx_hal_fdcan.o
 .text.HAL_GPIO_Init
                0x08005dc0      0x304 ./Drivers/STM32G4xx_HAL_Driver/Src/stm32g4xx_hal_gpio.o
                0x08005dc0                HAL_GPIO_Init
 .text.HAL_GPIO_ReadPin
                0x080060c4       0x30 ./Drivers/STM32G4xx_HAL_Driver/Src/stm32g4xx_hal_gpio.o
                0x080060c4                HAL_GPIO_ReadPin
 .text.HAL_I2C_Init
                0x080060f4      0x136 ./Drivers/STM32G4xx_HAL_Driver/Src/stm32g4xx_hal_i2c.o
                0x080060f4                HAL_I2C_Init
 *fill*         0x0800622a        0x2 
 .text.HAL_I2C_Slave_Seq_Transmit_IT
                0x0800622c      0x164 ./Drivers/STM32G4xx_HAL_Driver/Src/stm32g4xx_hal_i2c.o
                0x0800622c                HAL_I2C_Slave_Seq_Transmit_IT
 .text.HAL_I2C_Slave_Seq_Receive_IT
                0x08006390      0x164 ./Drivers/STM32G4xx_HAL_Driver/Src/stm32g4xx_hal_i2c.o
                0x08006390                HAL_I2C_Slave_Seq_Receive_IT
 .text.HAL_I2C_EnableListen_IT
                0x080064f4       0x40 ./Drivers/STM32G4xx_HAL_Driver/Src/stm32g4xx_hal_i2c.o
                0x080064f4                HAL_I2C_EnableListen_IT
 .text.HAL_I2C_EV_IRQHandler
                0x08006534       0x34 ./Drivers/STM32G4xx_HAL_Driver/Src/stm32g4xx_hal_i2c.o
                0x08006534                HAL_I2C_EV_IRQHandler
 .text.HAL_I2C_MasterTxCpltCallback
                0x08006568       0x14 ./Drivers/STM32G4xx_HAL_Driver/Src/stm32g4xx_hal_i2c.o
                0x08006568                HAL_I2C_MasterTxCpltCallback
 .text.HAL_I2C_MasterRxCpltCallback
                0x0800657c       0x14 ./Drivers/STM32G4xx_HAL_Driver/Src/stm32g4xx_hal_i2c.o
                0x0800657c                HAL_I2C_MasterRxCpltCallback
 .text.HAL_I2C_MemTxCpltCallback
                0x08006590       0x14 ./Drivers/STM32G4xx_HAL_Driver/Src/stm32g4xx_hal_i2c.o
                0x08006590                HAL_I2C_MemTxCpltCallback
 .text.HAL_I2C_MemRxCpltCallback
                0x080065a4       0x14 ./Drivers/STM32G4xx_HAL_Driver/Src/stm32g4xx_hal_i2c.o
                0x080065a4                HAL_I2C_MemRxCpltCallback
 .text.HAL_I2C_ErrorCallback
                0x080065b8       0x14 ./Drivers/STM32G4xx_HAL_Driver/Src/stm32g4xx_hal_i2c.o
                0x080065b8                HAL_I2C_ErrorCallback
 .text.HAL_I2C_AbortCpltCallback
                0x080065cc       0x14 ./Drivers/STM32G4xx_HAL_Driver/Src/stm32g4xx_hal_i2c.o
                0x080065cc                HAL_I2C_AbortCpltCallback
 .text.I2C_Slave_ISR_IT
                0x080065e0      0x208 ./Drivers/STM32G4xx_HAL_Driver/Src/stm32g4xx_hal_i2c.o
 .text.I2C_Master_ISR_DMA
                0x080067e8      0x1e6 ./Drivers/STM32G4xx_HAL_Driver/Src/stm32g4xx_hal_i2c.o
 *fill*         0x080069ce        0x2 
 .text.I2C_Mem_ISR_DMA
                0x080069d0      0x260 ./Drivers/STM32G4xx_HAL_Driver/Src/stm32g4xx_hal_i2c.o
 .text.I2C_Slave_ISR_DMA
                0x08006c30      0x1c2 ./Drivers/STM32G4xx_HAL_Driver/Src/stm32g4xx_hal_i2c.o
 .text.I2C_ITAddrCplt
                0x08006df2      0x108 ./Drivers/STM32G4xx_HAL_Driver/Src/stm32g4xx_hal_i2c.o
 .text.I2C_ITMasterSeqCplt
                0x08006efa       0x7a ./Drivers/STM32G4xx_HAL_Driver/Src/stm32g4xx_hal_i2c.o
 .text.I2C_ITSlaveSeqCplt
                0x08006f74       0xbc ./Drivers/STM32G4xx_HAL_Driver/Src/stm32g4xx_hal_i2c.o
 .text.I2C_ITMasterCplt
                0x08007030      0x194 ./Drivers/STM32G4xx_HAL_Driver/Src/stm32g4xx_hal_i2c.o
 .text.I2C_ITSlaveCplt
                0x080071c4      0x2d4 ./Drivers/STM32G4xx_HAL_Driver/Src/stm32g4xx_hal_i2c.o
 .text.I2C_ITListenCplt
                0x08007498       0xac ./Drivers/STM32G4xx_HAL_Driver/Src/stm32g4xx_hal_i2c.o
 .text.I2C_ITError
                0x08007544      0x1e0 ./Drivers/STM32G4xx_HAL_Driver/Src/stm32g4xx_hal_i2c.o
 .text.I2C_TreatErrorCallback
                0x08007724       0x4e ./Drivers/STM32G4xx_HAL_Driver/Src/stm32g4xx_hal_i2c.o
 .text.I2C_Flush_TXDR
                0x08007772       0x48 ./Drivers/STM32G4xx_HAL_Driver/Src/stm32g4xx_hal_i2c.o
 .text.I2C_DMAAbort
                0x080077ba       0x3c ./Drivers/STM32G4xx_HAL_Driver/Src/stm32g4xx_hal_i2c.o
 *fill*         0x080077f6        0x2 
 .text.I2C_TransferConfig
                0x080077f8       0x64 ./Drivers/STM32G4xx_HAL_Driver/Src/stm32g4xx_hal_i2c.o
 .text.I2C_Enable_IRQ
                0x0800785c      0x108 ./Drivers/STM32G4xx_HAL_Driver/Src/stm32g4xx_hal_i2c.o
 .text.I2C_Disable_IRQ
                0x08007964       0xbc ./Drivers/STM32G4xx_HAL_Driver/Src/stm32g4xx_hal_i2c.o
 .text.HAL_I2CEx_ConfigAnalogFilter
                0x08007a20       0x96 ./Drivers/STM32G4xx_HAL_Driver/Src/stm32g4xx_hal_i2c_ex.o
                0x08007a20                HAL_I2CEx_ConfigAnalogFilter
 .text.HAL_I2CEx_ConfigDigitalFilter
                0x08007ab6       0x98 ./Drivers/STM32G4xx_HAL_Driver/Src/stm32g4xx_hal_i2c_ex.o
                0x08007ab6                HAL_I2CEx_ConfigDigitalFilter
 *fill*         0x08007b4e        0x2 
 .text.HAL_PWREx_ControlVoltageScaling
                0x08007b50      0x148 ./Drivers/STM32G4xx_HAL_Driver/Src/stm32g4xx_hal_pwr_ex.o
                0x08007b50                HAL_PWREx_ControlVoltageScaling
 .text.HAL_PWREx_DisableUCPDDeadBattery
                0x08007c98       0x20 ./Drivers/STM32G4xx_HAL_Driver/Src/stm32g4xx_hal_pwr_ex.o
                0x08007c98                HAL_PWREx_DisableUCPDDeadBattery
 .text.HAL_RCC_OscConfig
                0x08007cb8      0x624 ./Drivers/STM32G4xx_HAL_Driver/Src/stm32g4xx_hal_rcc.o
                0x08007cb8                HAL_RCC_OscConfig
 .text.HAL_RCC_ClockConfig
                0x080082dc      0x278 ./Drivers/STM32G4xx_HAL_Driver/Src/stm32g4xx_hal_rcc.o
                0x080082dc                HAL_RCC_ClockConfig
 .text.HAL_RCC_GetSysClockFreq
                0x08008554       0xc0 ./Drivers/STM32G4xx_HAL_Driver/Src/stm32g4xx_hal_rcc.o
                0x08008554                HAL_RCC_GetSysClockFreq
 .text.HAL_RCC_GetHCLKFreq
                0x08008614       0x18 ./Drivers/STM32G4xx_HAL_Driver/Src/stm32g4xx_hal_rcc.o
                0x08008614                HAL_RCC_GetHCLKFreq
 .text.HAL_RCC_GetPCLK1Freq
                0x0800862c       0x2c ./Drivers/STM32G4xx_HAL_Driver/Src/stm32g4xx_hal_rcc.o
                0x0800862c                HAL_RCC_GetPCLK1Freq
 .text.HAL_RCC_GetPCLK2Freq
                0x08008658       0x2c ./Drivers/STM32G4xx_HAL_Driver/Src/stm32g4xx_hal_rcc.o
                0x08008658                HAL_RCC_GetPCLK2Freq
 .text.RCC_GetSysClockFreqFromPLLSource
                0x08008684       0x88 ./Drivers/STM32G4xx_HAL_Driver/Src/stm32g4xx_hal_rcc.o
 .text.HAL_RCCEx_PeriphCLKConfig
                0x0800870c      0x49c ./Drivers/STM32G4xx_HAL_Driver/Src/stm32g4xx_hal_rcc_ex.o
                0x0800870c                HAL_RCCEx_PeriphCLKConfig
 .text.HAL_TIM_Base_Init
                0x08008ba8       0xae ./Drivers/STM32G4xx_HAL_Driver/Src/stm32g4xx_hal_tim.o
                0x08008ba8                HAL_TIM_Base_Init
 *fill*         0x08008c56        0x2 
 .text.HAL_TIM_Base_Start
                0x08008c58       0xe0 ./Drivers/STM32G4xx_HAL_Driver/Src/stm32g4xx_hal_tim.o
                0x08008c58                HAL_TIM_Base_Start
 .text.HAL_TIM_PWM_Init
                0x08008d38       0xae ./Drivers/STM32G4xx_HAL_Driver/Src/stm32g4xx_hal_tim.o
                0x08008d38                HAL_TIM_PWM_Init
 .text.HAL_TIM_PWM_MspInit
                0x08008de6       0x14 ./Drivers/STM32G4xx_HAL_Driver/Src/stm32g4xx_hal_tim.o
                0x08008de6                HAL_TIM_PWM_MspInit
 *fill*         0x08008dfa        0x2 
 .text.HAL_TIM_PWM_Start
                0x08008dfc      0x224 ./Drivers/STM32G4xx_HAL_Driver/Src/stm32g4xx_hal_tim.o
                0x08008dfc                HAL_TIM_PWM_Start
 .text.HAL_TIM_PWM_ConfigChannel
                0x08009020      0x228 ./Drivers/STM32G4xx_HAL_Driver/Src/stm32g4xx_hal_tim.o
                0x08009020                HAL_TIM_PWM_ConfigChannel
 .text.HAL_TIM_ConfigClockSource
                0x08009248      0x22c ./Drivers/STM32G4xx_HAL_Driver/Src/stm32g4xx_hal_tim.o
                0x08009248                HAL_TIM_ConfigClockSource
 .text.TIM_Base_SetConfig
                0x08009474      0x168 ./Drivers/STM32G4xx_HAL_Driver/Src/stm32g4xx_hal_tim.o
                0x08009474                TIM_Base_SetConfig
 .text.TIM_OC1_SetConfig
                0x080095dc      0x134 ./Drivers/STM32G4xx_HAL_Driver/Src/stm32g4xx_hal_tim.o
 .text.TIM_OC2_SetConfig
                0x08009710      0x128 ./Drivers/STM32G4xx_HAL_Driver/Src/stm32g4xx_hal_tim.o
                0x08009710                TIM_OC2_SetConfig
 .text.TIM_OC3_SetConfig
                0x08009838      0x124 ./Drivers/STM32G4xx_HAL_Driver/Src/stm32g4xx_hal_tim.o
 .text.TIM_OC4_SetConfig
                0x0800995c      0x128 ./Drivers/STM32G4xx_HAL_Driver/Src/stm32g4xx_hal_tim.o
 .text.TIM_OC5_SetConfig
                0x08009a84       0xd4 ./Drivers/STM32G4xx_HAL_Driver/Src/stm32g4xx_hal_tim.o
 .text.TIM_OC6_SetConfig
                0x08009b58       0xd8 ./Drivers/STM32G4xx_HAL_Driver/Src/stm32g4xx_hal_tim.o
 .text.TIM_TI1_ConfigInputStage
                0x08009c30       0x5e ./Drivers/STM32G4xx_HAL_Driver/Src/stm32g4xx_hal_tim.o
 .text.TIM_TI2_ConfigInputStage
                0x08009c8e       0x60 ./Drivers/STM32G4xx_HAL_Driver/Src/stm32g4xx_hal_tim.o
 .text.TIM_ITRx_SetConfig
                0x08009cee       0x3a ./Drivers/STM32G4xx_HAL_Driver/Src/stm32g4xx_hal_tim.o
 .text.TIM_ETR_SetConfig
                0x08009d28       0x40 ./Drivers/STM32G4xx_HAL_Driver/Src/stm32g4xx_hal_tim.o
                0x08009d28                TIM_ETR_SetConfig
 .text.TIM_CCxChannelCmd
                0x08009d68       0x4a ./Drivers/STM32G4xx_HAL_Driver/Src/stm32g4xx_hal_tim.o
                0x08009d68                TIM_CCxChannelCmd
 *fill*         0x08009db2        0x2 
 .text.HAL_TIMEx_MasterConfigSynchronization
                0x08009db4      0x12c ./Drivers/STM32G4xx_HAL_Driver/Src/stm32g4xx_hal_tim_ex.o
                0x08009db4                HAL_TIMEx_MasterConfigSynchronization
 .text.HAL_TIMEx_ConfigBreakDeadTime
                0x08009ee0      0x128 ./Drivers/STM32G4xx_HAL_Driver/Src/stm32g4xx_hal_tim_ex.o
                0x08009ee0                HAL_TIMEx_ConfigBreakDeadTime
 .text.HAL_UART_Init
                0x0800a008       0xa0 ./Drivers/STM32G4xx_HAL_Driver/Src/stm32g4xx_hal_uart.o
                0x0800a008                HAL_UART_Init
 .text.UART_SetConfig
                0x0800a0a8      0x5f8 ./Drivers/STM32G4xx_HAL_Driver/Src/stm32g4xx_hal_uart.o
                0x0800a0a8                UART_SetConfig
 .text.UART_AdvFeatureConfig
                0x0800a6a0      0x144 ./Drivers/STM32G4xx_HAL_Driver/Src/stm32g4xx_hal_uart.o
                0x0800a6a0                UART_AdvFeatureConfig
 .text.UART_CheckIdleState
                0x0800a7e4      0x154 ./Drivers/STM32G4xx_HAL_Driver/Src/stm32g4xx_hal_uart.o
                0x0800a7e4                UART_CheckIdleState
 .text.UART_WaitOnFlagUntilTimeout
                0x0800a938       0xda ./Drivers/STM32G4xx_HAL_Driver/Src/stm32g4xx_hal_uart.o
                0x0800a938                UART_WaitOnFlagUntilTimeout
 .text.UART_EndRxTransfer
                0x0800aa12       0xcc ./Drivers/STM32G4xx_HAL_Driver/Src/stm32g4xx_hal_uart.o
 .text.HAL_UARTEx_DisableFifoMode
                0x0800aade       0x72 ./Drivers/STM32G4xx_HAL_Driver/Src/stm32g4xx_hal_uart_ex.o
                0x0800aade                HAL_UARTEx_DisableFifoMode
 .text.HAL_UARTEx_SetTxFifoThreshold
                0x0800ab50       0x7c ./Drivers/STM32G4xx_HAL_Driver/Src/stm32g4xx_hal_uart_ex.o
                0x0800ab50                HAL_UARTEx_SetTxFifoThreshold
 .text.HAL_UARTEx_SetRxFifoThreshold
                0x0800abcc       0x7c ./Drivers/STM32G4xx_HAL_Driver/Src/stm32g4xx_hal_uart_ex.o
                0x0800abcc                HAL_UARTEx_SetRxFifoThreshold
 .text.UARTEx_SetNbDataToProcess
                0x0800ac48       0x9c ./Drivers/STM32G4xx_HAL_Driver/Src/stm32g4xx_hal_uart_ex.o
 .text.memset   0x0800ace4       0x10 /Applications/STM32CubeIDE.app/Contents/Eclipse/plugins/com.st.stm32cube.ide.mcu.externaltools.gnu-tools-for-stm32.13.3.rel1.macos64_1.0.0.202411102158/tools/bin/../lib/gcc/arm-none-eabi/13.3.1/../../../../arm-none-eabi/lib/thumb/v7e-m+fp/hard/libc_nano.a(libc_a-memset.o)
                0x0800ace4                memset
 .text.__libc_init_array
                0x0800acf4       0x48 /Applications/STM32CubeIDE.app/Contents/Eclipse/plugins/com.st.stm32cube.ide.mcu.externaltools.gnu-tools-for-stm32.13.3.rel1.macos64_1.0.0.202411102158/tools/bin/../lib/gcc/arm-none-eabi/13.3.1/../../../../arm-none-eabi/lib/thumb/v7e-m+fp/hard/libc_nano.a(libc_a-init.o)
                0x0800acf4                __libc_init_array
 .text.memcpy   0x0800ad3c       0x1c /Applications/STM32CubeIDE.app/Contents/Eclipse/plugins/com.st.stm32cube.ide.mcu.externaltools.gnu-tools-for-stm32.13.3.rel1.macos64_1.0.0.202411102158/tools/bin/../lib/gcc/arm-none-eabi/13.3.1/../../../../arm-none-eabi/lib/thumb/v7e-m+fp/hard/libc_nano.a(libc_a-memcpy-stub.o)
                0x0800ad3c                memcpy
 *(.glue_7)
 .glue_7        0x0800ad58        0x0 linker stubs
 *(.glue_7t)
 .glue_7t       0x0800ad58        0x0 linker stubs
 *(.eh_frame)
 .eh_frame      0x0800ad58        0x0 /Applications/STM32CubeIDE.app/Contents/Eclipse/plugins/com.st.stm32cube.ide.mcu.externaltools.gnu-tools-for-stm32.13.3.rel1.macos64_1.0.0.202411102158/tools/bin/../lib/gcc/arm-none-eabi/13.3.1/thumb/v7e-m+fp/hard/crtbegin.o
 *(.init)
 .init          0x0800ad58        0x4 /Applications/STM32CubeIDE.app/Contents/Eclipse/plugins/com.st.stm32cube.ide.mcu.externaltools.gnu-tools-for-stm32.13.3.rel1.macos64_1.0.0.202411102158/tools/bin/../lib/gcc/arm-none-eabi/13.3.1/thumb/v7e-m+fp/hard/crti.o
                0x0800ad58                _init
 .init          0x0800ad5c        0x8 /Applications/STM32CubeIDE.app/Contents/Eclipse/plugins/com.st.stm32cube.ide.mcu.externaltools.gnu-tools-for-stm32.13.3.rel1.macos64_1.0.0.202411102158/tools/bin/../lib/gcc/arm-none-eabi/13.3.1/thumb/v7e-m+fp/hard/crtn.o
 *(.fini)
 .fini          0x0800ad64        0x4 /Applications/STM32CubeIDE.app/Contents/Eclipse/plugins/com.st.stm32cube.ide.mcu.externaltools.gnu-tools-for-stm32.13.3.rel1.macos64_1.0.0.202411102158/tools/bin/../lib/gcc/arm-none-eabi/13.3.1/thumb/v7e-m+fp/hard/crti.o
                0x0800ad64                _fini
 .fini          0x0800ad68        0x8 /Applications/STM32CubeIDE.app/Contents/Eclipse/plugins/com.st.stm32cube.ide.mcu.externaltools.gnu-tools-for-stm32.13.3.rel1.macos64_1.0.0.202411102158/tools/bin/../lib/gcc/arm-none-eabi/13.3.1/thumb/v7e-m+fp/hard/crtn.o
                0x0800ad70                        . = ALIGN (0x4)
                0x0800ad70                        _etext = .

.vfp11_veneer   0x0800ad70        0x0
 .vfp11_veneer  0x0800ad70        0x0 linker stubs

.v4_bx          0x0800ad70        0x0
 .v4_bx         0x0800ad70        0x0 linker stubs

.iplt           0x0800ad70        0x0
 .iplt          0x0800ad70        0x0 /Applications/STM32CubeIDE.app/Contents/Eclipse/plugins/com.st.stm32cube.ide.mcu.externaltools.gnu-tools-for-stm32.13.3.rel1.macos64_1.0.0.202411102158/tools/bin/../lib/gcc/arm-none-eabi/13.3.1/thumb/v7e-m+fp/hard/crtbegin.o

.rodata         0x0800ad70       0x40
                0x0800ad70                        . = ALIGN (0x4)
 *(.rodata)
 *(.rodata*)
 .rodata.AHBPrescTable
                0x0800ad70       0x10 ./Core/Src/system_stm32g4xx.o
                0x0800ad70                AHBPrescTable
 .rodata.APBPrescTable
                0x0800ad80        0x8 ./Core/Src/system_stm32g4xx.o
                0x0800ad80                APBPrescTable
 .rodata.UARTPrescTable
                0x0800ad88       0x18 ./Drivers/STM32G4xx_HAL_Driver/Src/stm32g4xx_hal_uart.o
                0x0800ad88                UARTPrescTable
 .rodata.numerator.1
                0x0800ada0        0x8 ./Drivers/STM32G4xx_HAL_Driver/Src/stm32g4xx_hal_uart_ex.o
 .rodata.denominator.0
                0x0800ada8        0x8 ./Drivers/STM32G4xx_HAL_Driver/Src/stm32g4xx_hal_uart_ex.o
                0x0800adb0                        . = ALIGN (0x4)

.ARM.extab      0x0800adb0        0x0
                0x0800adb0                        . = ALIGN (0x4)
 *(.ARM.extab* .gnu.linkonce.armextab.*)
                0x0800adb0                        . = ALIGN (0x4)

.ARM            0x0800adb0        0x8
                0x0800adb0                        . = ALIGN (0x4)
                0x0800adb0                        __exidx_start = .
 *(.ARM.exidx*)
 .ARM.exidx     0x0800adb0        0x8 /Applications/STM32CubeIDE.app/Contents/Eclipse/plugins/com.st.stm32cube.ide.mcu.externaltools.gnu-tools-for-stm32.13.3.rel1.macos64_1.0.0.202411102158/tools/bin/../lib/gcc/arm-none-eabi/13.3.1/thumb/v7e-m+fp/hard/libgcc.a(_udivmoddi4.o)
                0x0800adb8                        __exidx_end = .
                0x0800adb8                        . = ALIGN (0x4)

.preinit_array  0x0800adb8        0x0
                0x0800adb8                        . = ALIGN (0x4)
                0x0800adb8                        PROVIDE (__preinit_array_start = .)
 *(.preinit_array*)
                0x0800adb8                        PROVIDE (__preinit_array_end = .)
                0x0800adb8                        . = ALIGN (0x4)

.init_array     0x0800adb8        0x4
                0x0800adb8                        . = ALIGN (0x4)
                0x0800adb8                        PROVIDE (__init_array_start = .)
 *(SORT_BY_NAME(.init_array.*))
 *(.init_array*)
 .init_array    0x0800adb8        0x4 /Applications/STM32CubeIDE.app/Contents/Eclipse/plugins/com.st.stm32cube.ide.mcu.externaltools.gnu-tools-for-stm32.13.3.rel1.macos64_1.0.0.202411102158/tools/bin/../lib/gcc/arm-none-eabi/13.3.1/thumb/v7e-m+fp/hard/crtbegin.o
                0x0800adbc                        PROVIDE (__init_array_end = .)
                0x0800adbc                        . = ALIGN (0x4)

.fini_array     0x0800adbc        0x4
                0x0800adbc                        . = ALIGN (0x4)
                [!provide]                        PROVIDE (__fini_array_start = .)
 *(SORT_BY_NAME(.fini_array.*))
 *(.fini_array*)
 .fini_array    0x0800adbc        0x4 /Applications/STM32CubeIDE.app/Contents/Eclipse/plugins/com.st.stm32cube.ide.mcu.externaltools.gnu-tools-for-stm32.13.3.rel1.macos64_1.0.0.202411102158/tools/bin/../lib/gcc/arm-none-eabi/13.3.1/thumb/v7e-m+fp/hard/crtbegin.o
                [!provide]                        PROVIDE (__fini_array_end = .)
                0x0800adc0                        . = ALIGN (0x4)
                0x0800adc0                        _sidata = LOADADDR (.data)

.rel.dyn        0x0800adc0        0x0
 .rel.iplt      0x0800adc0        0x0 /Applications/STM32CubeIDE.app/Contents/Eclipse/plugins/com.st.stm32cube.ide.mcu.externaltools.gnu-tools-for-stm32.13.3.rel1.macos64_1.0.0.202411102158/tools/bin/../lib/gcc/arm-none-eabi/13.3.1/thumb/v7e-m+fp/hard/crtbegin.o

.data           0x20000000       0x20 load address 0x0800adc0
                0x20000000                        . = ALIGN (0x4)
                0x20000000                        _sdata = .
 *(.data)
 *(.data*)
 .data.current_reg
                0x20000000        0x1 ./Core/Src/i2c_slave.o
 .data.dummy.0  0x20000001        0x1 ./Core/Src/i2c_slave.o
 *fill*         0x20000002        0x2 
 .data.current_setpoint
                0x20000004        0x4 ./Core/Src/main.o
                0x20000004                current_setpoint
 .data.Kp       0x20000008        0x4 ./Core/Src/main.o
                0x20000008                Kp
 .data.Ki       0x2000000c        0x4 ./Core/Src/main.o
                0x2000000c                Ki
 .data.can_blink
                0x20000010        0x1 ./Core/Src/main.o
                0x20000010                can_blink
 *fill*         0x20000011        0x3 
 .data.SystemCoreClock
                0x20000014        0x4 ./Core/Src/system_stm32g4xx.o
                0x20000014                SystemCoreClock
 .data.uwTickPrio
                0x20000018        0x4 ./Drivers/STM32G4xx_HAL_Driver/Src/stm32g4xx_hal.o
                0x20000018                uwTickPrio
 .data.uwTickFreq
                0x2000001c        0x4 ./Drivers/STM32G4xx_HAL_Driver/Src/stm32g4xx_hal.o
                0x2000001c                uwTickFreq
 *(.RamFunc)
 *(.RamFunc*)
                0x20000020                        . = ALIGN (0x4)
                0x20000020                        _edata = .

.igot.plt       0x20000020        0x0 load address 0x0800ade0
 .igot.plt      0x20000020        0x0 /Applications/STM32CubeIDE.app/Contents/Eclipse/plugins/com.st.stm32cube.ide.mcu.externaltools.gnu-tools-for-stm32.13.3.rel1.macos64_1.0.0.202411102158/tools/bin/../lib/gcc/arm-none-eabi/13.3.1/thumb/v7e-m+fp/hard/crtbegin.o
                0x20000020                        . = ALIGN (0x4)

.bss            0x20000020      0x90c load address 0x0800ade0
                0x20000020                        _sbss = .
                0x20000020                        __bss_start__ = _sbss
 *(.bss)
 .bss           0x20000020       0x1c /Applications/STM32CubeIDE.app/Contents/Eclipse/plugins/com.st.stm32cube.ide.mcu.externaltools.gnu-tools-for-stm32.13.3.rel1.macos64_1.0.0.202411102158/tools/bin/../lib/gcc/arm-none-eabi/13.3.1/thumb/v7e-m+fp/hard/crtbegin.o
 *(.bss*)
 .bss.i2c_register_map
                0x2000003c      0x200 ./Core/Src/i2c_slave.o
                0x2000003c                i2c_register_map
 .bss.rx_buffer
                0x2000023c        0x4 ./Core/Src/i2c_slave.o
 .bss.tx_buffer
                0x20000240        0x4 ./Core/Src/i2c_slave.o
 .bss.i2c_handle
                0x20000244        0x4 ./Core/Src/i2c_slave.o
 .bss.hadc1     0x20000248       0x6c ./Core/Src/main.o
                0x20000248                hadc1
 .bss.hadc2     0x200002b4       0x6c ./Core/Src/main.o
                0x200002b4                hadc2
 .bss.hadc3     0x20000320       0x6c ./Core/Src/main.o
                0x20000320                hadc3
 .bss.hadc4     0x2000038c       0x6c ./Core/Src/main.o
                0x2000038c                hadc4
 .bss.hadc5     0x200003f8       0x6c ./Core/Src/main.o
                0x200003f8                hadc5
 .bss.hfdcan1   0x20000464       0x64 ./Core/Src/main.o
                0x20000464                hfdcan1
 .bss.hi2c1     0x200004c8       0x54 ./Core/Src/main.o
                0x200004c8                hi2c1
 .bss.htim1     0x2000051c       0x4c ./Core/Src/main.o
                0x2000051c                htim1
 .bss.htim3     0x20000568       0x4c ./Core/Src/main.o
                0x20000568                htim3
 .bss.htim6     0x200005b4       0x4c ./Core/Src/main.o
                0x200005b4                htim6
 .bss.htim8     0x20000600       0x4c ./Core/Src/main.o
                0x20000600                htim8
 .bss.htim20    0x2000064c       0x4c ./Core/Src/main.o
                0x2000064c                htim20
 .bss.huart4    0x20000698       0x94 ./Core/Src/main.o
                0x20000698                huart4
 .bss.huart1    0x2000072c       0x94 ./Core/Src/main.o
                0x2000072c                huart1
 .bss.huart2    0x200007c0       0x94 ./Core/Src/main.o
                0x200007c0                huart2
 .bss.huart3    0x20000854       0x94 ./Core/Src/main.o
                0x20000854                huart3
 .bss.BOOT0_SENSE
                0x200008e8        0x1 ./Core/Src/main.o
                0x200008e8                BOOT0_SENSE
 *fill*         0x200008e9        0x3 
 .bss.V_SENSE_HV
                0x200008ec        0x4 ./Core/Src/main.o
                0x200008ec                V_SENSE_HV
 .bss.V_SENSE_12
                0x200008f0        0x4 ./Core/Src/main.o
                0x200008f0                V_SENSE_12
 .bss.V_SENSE_5
                0x200008f4        0x4 ./Core/Src/main.o
                0x200008f4                V_SENSE_5
 .bss.EA_SENSE_1
                0x200008f8        0x4 ./Core/Src/main.o
                0x200008f8                EA_SENSE_1
 .bss.voltage_in_HV
                0x200008fc        0x4 ./Core/Src/main.o
                0x200008fc                voltage_in_HV
 .bss.voltage_in_12
                0x20000900        0x4 ./Core/Src/main.o
                0x20000900                voltage_in_12
 .bss.voltage_in_5
                0x20000904        0x4 ./Core/Src/main.o
                0x20000904                voltage_in_5
 .bss.coil_current_1
                0x20000908        0x4 ./Core/Src/main.o
                0x20000908                coil_current_1
 .bss.coil_pwm_ccr_1
                0x2000090c        0x2 ./Core/Src/main.o
                0x2000090c                coil_pwm_ccr_1
 *fill*         0x2000090e        0x2 
 .bss.pid_error
                0x20000910        0x4 ./Core/Src/main.o
                0x20000910                pid_error
 .bss.pid_error_integral
                0x20000914        0x4 ./Core/Src/main.o
                0x20000914                pid_error_integral
 .bss.pid_pwm_change
                0x20000918        0x4 ./Core/Src/main.o
                0x20000918                pid_pwm_change
 .bss.pid_pwm_output
                0x2000091c        0x4 ./Core/Src/main.o
                0x2000091c                pid_pwm_output
 .bss.HAL_RCC_ADC12_CLK_ENABLED
                0x20000920        0x4 ./Core/Src/stm32g4xx_hal_msp.o
 .bss.HAL_RCC_ADC345_CLK_ENABLED
                0x20000924        0x4 ./Core/Src/stm32g4xx_hal_msp.o
 .bss.uwTick    0x20000928        0x4 ./Drivers/STM32G4xx_HAL_Driver/Src/stm32g4xx_hal.o
                0x20000928                uwTick
 *(COMMON)
                0x2000092c                        . = ALIGN (0x4)
                0x2000092c                        _ebss = .
                0x2000092c                        __bss_end__ = _ebss

._user_heap_stack
                0x2000092c      0x604 load address 0x0800ade0
                0x20000930                        . = ALIGN (0x8)
 *fill*         0x2000092c        0x4 
                [!provide]                        PROVIDE (end = .)
                0x20000930                        PROVIDE (_end = .)
                0x20000b30                        . = (. + _Min_Heap_Size)
 *fill*         0x20000930      0x200 
                0x20000f30                        . = (. + _Min_Stack_Size)
 *fill*         0x20000b30      0x400 
                0x20000f30                        . = ALIGN (0x8)

/DISCARD/
 libc.a(*)
 libm.a(*)
 libgcc.a(*)

.ARM.attributes
                0x00000000       0x30
 *(.ARM.attributes)
 .ARM.attributes
                0x00000000       0x22 /Applications/STM32CubeIDE.app/Contents/Eclipse/plugins/com.st.stm32cube.ide.mcu.externaltools.gnu-tools-for-stm32.13.3.rel1.macos64_1.0.0.202411102158/tools/bin/../lib/gcc/arm-none-eabi/13.3.1/thumb/v7e-m+fp/hard/crti.o
 .ARM.attributes
                0x00000022       0x34 /Applications/STM32CubeIDE.app/Contents/Eclipse/plugins/com.st.stm32cube.ide.mcu.externaltools.gnu-tools-for-stm32.13.3.rel1.macos64_1.0.0.202411102158/tools/bin/../lib/gcc/arm-none-eabi/13.3.1/thumb/v7e-m+fp/hard/crtbegin.o
 .ARM.attributes
                0x00000056       0x34 ./Core/Src/i2c_slave.o
 .ARM.attributes
                0x0000008a       0x34 ./Core/Src/main.o
 .ARM.attributes
                0x000000be       0x34 ./Core/Src/stm32g4xx_hal_msp.o
 .ARM.attributes
                0x000000f2       0x34 ./Core/Src/stm32g4xx_it.o
 .ARM.attributes
                0x00000126       0x34 ./Core/Src/system_stm32g4xx.o
 .ARM.attributes
                0x0000015a       0x21 ./Core/Startup/startup_stm32g474vehx.o
 .ARM.attributes
                0x0000017b       0x34 ./Drivers/STM32G4xx_HAL_Driver/Src/stm32g4xx_hal.o
 .ARM.attributes
                0x000001af       0x34 ./Drivers/STM32G4xx_HAL_Driver/Src/stm32g4xx_hal_adc.o
 .ARM.attributes
                0x000001e3       0x34 ./Drivers/STM32G4xx_HAL_Driver/Src/stm32g4xx_hal_adc_ex.o
 .ARM.attributes
                0x00000217       0x34 ./Drivers/STM32G4xx_HAL_Driver/Src/stm32g4xx_hal_cortex.o
 .ARM.attributes
                0x0000024b       0x34 ./Drivers/STM32G4xx_HAL_Driver/Src/stm32g4xx_hal_dma.o
 .ARM.attributes
                0x0000027f       0x34 ./Drivers/STM32G4xx_HAL_Driver/Src/stm32g4xx_hal_fdcan.o
 .ARM.attributes
                0x000002b3       0x34 ./Drivers/STM32G4xx_HAL_Driver/Src/stm32g4xx_hal_gpio.o
 .ARM.attributes
                0x000002e7       0x34 ./Drivers/STM32G4xx_HAL_Driver/Src/stm32g4xx_hal_i2c.o
 .ARM.attributes
                0x0000031b       0x34 ./Drivers/STM32G4xx_HAL_Driver/Src/stm32g4xx_hal_i2c_ex.o
 .ARM.attributes
                0x0000034f       0x34 ./Drivers/STM32G4xx_HAL_Driver/Src/stm32g4xx_hal_pwr_ex.o
 .ARM.attributes
                0x00000383       0x34 ./Drivers/STM32G4xx_HAL_Driver/Src/stm32g4xx_hal_rcc.o
 .ARM.attributes
                0x000003b7       0x34 ./Drivers/STM32G4xx_HAL_Driver/Src/stm32g4xx_hal_rcc_ex.o
 .ARM.attributes
                0x000003eb       0x34 ./Drivers/STM32G4xx_HAL_Driver/Src/stm32g4xx_hal_tim.o
 .ARM.attributes
                0x0000041f       0x34 ./Drivers/STM32G4xx_HAL_Driver/Src/stm32g4xx_hal_tim_ex.o
 .ARM.attributes
                0x00000453       0x34 ./Drivers/STM32G4xx_HAL_Driver/Src/stm32g4xx_hal_uart.o
 .ARM.attributes
                0x00000487       0x34 ./Drivers/STM32G4xx_HAL_Driver/Src/stm32g4xx_hal_uart_ex.o
 .ARM.attributes
                0x000004bb       0x34 /Applications/STM32CubeIDE.app/Contents/Eclipse/plugins/com.st.stm32cube.ide.mcu.externaltools.gnu-tools-for-stm32.13.3.rel1.macos64_1.0.0.202411102158/tools/bin/../lib/gcc/arm-none-eabi/13.3.1/../../../../arm-none-eabi/lib/thumb/v7e-m+fp/hard/libc_nano.a(libc_a-memset.o)
 .ARM.attributes
                0x000004ef       0x34 /Applications/STM32CubeIDE.app/Contents/Eclipse/plugins/com.st.stm32cube.ide.mcu.externaltools.gnu-tools-for-stm32.13.3.rel1.macos64_1.0.0.202411102158/tools/bin/../lib/gcc/arm-none-eabi/13.3.1/../../../../arm-none-eabi/lib/thumb/v7e-m+fp/hard/libc_nano.a(libc_a-init.o)
 .ARM.attributes
                0x00000523       0x34 /Applications/STM32CubeIDE.app/Contents/Eclipse/plugins/com.st.stm32cube.ide.mcu.externaltools.gnu-tools-for-stm32.13.3.rel1.macos64_1.0.0.202411102158/tools/bin/../lib/gcc/arm-none-eabi/13.3.1/../../../../arm-none-eabi/lib/thumb/v7e-m+fp/hard/libc_nano.a(libc_a-memcpy-stub.o)
 .ARM.attributes
                0x00000557       0x22 /Applications/STM32CubeIDE.app/Contents/Eclipse/plugins/com.st.stm32cube.ide.mcu.externaltools.gnu-tools-for-stm32.13.3.rel1.macos64_1.0.0.202411102158/tools/bin/../lib/gcc/arm-none-eabi/13.3.1/thumb/v7e-m+fp/hard/libgcc.a(_arm_muldf3.o)
 .ARM.attributes
                0x00000579       0x22 /Applications/STM32CubeIDE.app/Contents/Eclipse/plugins/com.st.stm32cube.ide.mcu.externaltools.gnu-tools-for-stm32.13.3.rel1.macos64_1.0.0.202411102158/tools/bin/../lib/gcc/arm-none-eabi/13.3.1/thumb/v7e-m+fp/hard/libgcc.a(_arm_addsubdf3.o)
 .ARM.attributes
                0x0000059b       0x22 /Applications/STM32CubeIDE.app/Contents/Eclipse/plugins/com.st.stm32cube.ide.mcu.externaltools.gnu-tools-for-stm32.13.3.rel1.macos64_1.0.0.202411102158/tools/bin/../lib/gcc/arm-none-eabi/13.3.1/thumb/v7e-m+fp/hard/libgcc.a(_arm_cmpdf2.o)
 .ARM.attributes
                0x000005bd       0x22 /Applications/STM32CubeIDE.app/Contents/Eclipse/plugins/com.st.stm32cube.ide.mcu.externaltools.gnu-tools-for-stm32.13.3.rel1.macos64_1.0.0.202411102158/tools/bin/../lib/gcc/arm-none-eabi/13.3.1/thumb/v7e-m+fp/hard/libgcc.a(_arm_truncdfsf2.o)
 .ARM.attributes
                0x000005df       0x22 /Applications/STM32CubeIDE.app/Contents/Eclipse/plugins/com.st.stm32cube.ide.mcu.externaltools.gnu-tools-for-stm32.13.3.rel1.macos64_1.0.0.202411102158/tools/bin/../lib/gcc/arm-none-eabi/13.3.1/thumb/v7e-m+fp/hard/libgcc.a(_aeabi_uldivmod.o)
 .ARM.attributes
                0x00000601       0x34 /Applications/STM32CubeIDE.app/Contents/Eclipse/plugins/com.st.stm32cube.ide.mcu.externaltools.gnu-tools-for-stm32.13.3.rel1.macos64_1.0.0.202411102158/tools/bin/../lib/gcc/arm-none-eabi/13.3.1/thumb/v7e-m+fp/hard/libgcc.a(_udivmoddi4.o)
 .ARM.attributes
                0x00000635       0x22 /Applications/STM32CubeIDE.app/Contents/Eclipse/plugins/com.st.stm32cube.ide.mcu.externaltools.gnu-tools-for-stm32.13.3.rel1.macos64_1.0.0.202411102158/tools/bin/../lib/gcc/arm-none-eabi/13.3.1/thumb/v7e-m+fp/hard/libgcc.a(_dvmd_tls.o)
 .ARM.attributes
                0x00000657       0x22 /Applications/STM32CubeIDE.app/Contents/Eclipse/plugins/com.st.stm32cube.ide.mcu.externaltools.gnu-tools-for-stm32.13.3.rel1.macos64_1.0.0.202411102158/tools/bin/../lib/gcc/arm-none-eabi/13.3.1/thumb/v7e-m+fp/hard/crtn.o
OUTPUT(MagTile2-Tile.elf elf32-littlearm)
LOAD linker stubs
LOAD /Applications/STM32CubeIDE.app/Contents/Eclipse/plugins/com.st.stm32cube.ide.mcu.externaltools.gnu-tools-for-stm32.13.3.rel1.macos64_1.0.0.202411102158/tools/bin/../lib/gcc/arm-none-eabi/13.3.1/../../../../arm-none-eabi/lib/thumb/v7e-m+fp/hard/libc.a
LOAD /Applications/STM32CubeIDE.app/Contents/Eclipse/plugins/com.st.stm32cube.ide.mcu.externaltools.gnu-tools-for-stm32.13.3.rel1.macos64_1.0.0.202411102158/tools/bin/../lib/gcc/arm-none-eabi/13.3.1/../../../../arm-none-eabi/lib/thumb/v7e-m+fp/hard/libm.a
LOAD /Applications/STM32CubeIDE.app/Contents/Eclipse/plugins/com.st.stm32cube.ide.mcu.externaltools.gnu-tools-for-stm32.13.3.rel1.macos64_1.0.0.202411102158/tools/bin/../lib/gcc/arm-none-eabi/13.3.1/thumb/v7e-m+fp/hard/libgcc.a

.debug_info     0x00000000    0x1e1f0
 .debug_info    0x00000000      0xa02 ./Core/Src/i2c_slave.o
 .debug_info    0x00000a02     0x2afd ./Core/Src/main.o
 .debug_info    0x000034ff     0x263a ./Core/Src/stm32g4xx_hal_msp.o
 .debug_info    0x00005b39     0x1105 ./Core/Src/stm32g4xx_it.o
 .debug_info    0x00006c3e      0x58e ./Core/Src/system_stm32g4xx.o
 .debug_info    0x000071cc       0x30 ./Core/Startup/startup_stm32g474vehx.o
 .debug_info    0x000071fc      0xb95 ./Drivers/STM32G4xx_HAL_Driver/Src/stm32g4xx_hal.o
 .debug_info    0x00007d91     0x2063 ./Drivers/STM32G4xx_HAL_Driver/Src/stm32g4xx_hal_adc.o
 .debug_info    0x00009df4     0x1d80 ./Drivers/STM32G4xx_HAL_Driver/Src/stm32g4xx_hal_adc_ex.o
 .debug_info    0x0000bb74      0xdf9 ./Drivers/STM32G4xx_HAL_Driver/Src/stm32g4xx_hal_cortex.o
 .debug_info    0x0000c96d      0x85f ./Drivers/STM32G4xx_HAL_Driver/Src/stm32g4xx_hal_dma.o
 .debug_info    0x0000d1cc     0x18bb ./Drivers/STM32G4xx_HAL_Driver/Src/stm32g4xx_hal_fdcan.o
 .debug_info    0x0000ea87      0x763 ./Drivers/STM32G4xx_HAL_Driver/Src/stm32g4xx_hal_gpio.o
 .debug_info    0x0000f1ea     0x21ea ./Drivers/STM32G4xx_HAL_Driver/Src/stm32g4xx_hal_i2c.o
 .debug_info    0x000113d4      0xad6 ./Drivers/STM32G4xx_HAL_Driver/Src/stm32g4xx_hal_i2c_ex.o
 .debug_info    0x00011eaa      0x93f ./Drivers/STM32G4xx_HAL_Driver/Src/stm32g4xx_hal_pwr_ex.o
 .debug_info    0x000127e9      0xbe0 ./Drivers/STM32G4xx_HAL_Driver/Src/stm32g4xx_hal_rcc.o
 .debug_info    0x000133c9      0xc45 ./Drivers/STM32G4xx_HAL_Driver/Src/stm32g4xx_hal_rcc_ex.o
 .debug_info    0x0001400e     0x2c52 ./Drivers/STM32G4xx_HAL_Driver/Src/stm32g4xx_hal_tim.o
 .debug_info    0x00016c60     0x1d95 ./Drivers/STM32G4xx_HAL_Driver/Src/stm32g4xx_hal_tim_ex.o
 .debug_info    0x000189f5     0x481e ./Drivers/STM32G4xx_HAL_Driver/Src/stm32g4xx_hal_uart.o
 .debug_info    0x0001d213      0xfdd ./Drivers/STM32G4xx_HAL_Driver/Src/stm32g4xx_hal_uart_ex.o

.debug_abbrev   0x00000000     0x31ec
 .debug_abbrev  0x00000000      0x201 ./Core/Src/i2c_slave.o
 .debug_abbrev  0x00000201      0x2ee ./Core/Src/main.o
 .debug_abbrev  0x000004ef      0x297 ./Core/Src/stm32g4xx_hal_msp.o
 .debug_abbrev  0x00000786      0x199 ./Core/Src/stm32g4xx_it.o
 .debug_abbrev  0x0000091f      0x11a ./Core/Src/system_stm32g4xx.o
 .debug_abbrev  0x00000a39       0x24 ./Core/Startup/startup_stm32g474vehx.o
 .debug_abbrev  0x00000a5d      0x271 ./Drivers/STM32G4xx_HAL_Driver/Src/stm32g4xx_hal.o
 .debug_abbrev  0x00000cce      0x2d3 ./Drivers/STM32G4xx_HAL_Driver/Src/stm32g4xx_hal_adc.o
 .debug_abbrev  0x00000fa1      0x2ee ./Drivers/STM32G4xx_HAL_Driver/Src/stm32g4xx_hal_adc_ex.o
 .debug_abbrev  0x0000128f      0x31c ./Drivers/STM32G4xx_HAL_Driver/Src/stm32g4xx_hal_cortex.o
 .debug_abbrev  0x000015ab      0x1e2 ./Drivers/STM32G4xx_HAL_Driver/Src/stm32g4xx_hal_dma.o
 .debug_abbrev  0x0000178d      0x1e7 ./Drivers/STM32G4xx_HAL_Driver/Src/stm32g4xx_hal_fdcan.o
 .debug_abbrev  0x00001974      0x1cb ./Drivers/STM32G4xx_HAL_Driver/Src/stm32g4xx_hal_gpio.o
 .debug_abbrev  0x00001b3f      0x25e ./Drivers/STM32G4xx_HAL_Driver/Src/stm32g4xx_hal_i2c.o
 .debug_abbrev  0x00001d9d      0x1c0 ./Drivers/STM32G4xx_HAL_Driver/Src/stm32g4xx_hal_i2c_ex.o
 .debug_abbrev  0x00001f5d      0x22c ./Drivers/STM32G4xx_HAL_Driver/Src/stm32g4xx_hal_pwr_ex.o
 .debug_abbrev  0x00002189      0x2c9 ./Drivers/STM32G4xx_HAL_Driver/Src/stm32g4xx_hal_rcc.o
 .debug_abbrev  0x00002452      0x258 ./Drivers/STM32G4xx_HAL_Driver/Src/stm32g4xx_hal_rcc_ex.o
 .debug_abbrev  0x000026aa      0x2a7 ./Drivers/STM32G4xx_HAL_Driver/Src/stm32g4xx_hal_tim.o
 .debug_abbrev  0x00002951      0x2c5 ./Drivers/STM32G4xx_HAL_Driver/Src/stm32g4xx_hal_tim_ex.o
 .debug_abbrev  0x00002c16      0x304 ./Drivers/STM32G4xx_HAL_Driver/Src/stm32g4xx_hal_uart.o
 .debug_abbrev  0x00002f1a      0x2d2 ./Drivers/STM32G4xx_HAL_Driver/Src/stm32g4xx_hal_uart_ex.o

.debug_aranges  0x00000000     0x1a50
 .debug_aranges
                0x00000000       0x58 ./Core/Src/i2c_slave.o
 .debug_aranges
                0x00000058       0xc8 ./Core/Src/main.o
 .debug_aranges
                0x00000120       0x78 ./Core/Src/stm32g4xx_hal_msp.o
 .debug_aranges
                0x00000198       0x80 ./Core/Src/stm32g4xx_it.o
 .debug_aranges
                0x00000218       0x28 ./Core/Src/system_stm32g4xx.o
 .debug_aranges
                0x00000240       0x28 ./Core/Startup/startup_stm32g474vehx.o
 .debug_aranges
                0x00000268      0x148 ./Drivers/STM32G4xx_HAL_Driver/Src/stm32g4xx_hal.o
 .debug_aranges
                0x000003b0      0x248 ./Drivers/STM32G4xx_HAL_Driver/Src/stm32g4xx_hal_adc.o
 .debug_aranges
                0x000005f8      0x1c0 ./Drivers/STM32G4xx_HAL_Driver/Src/stm32g4xx_hal_adc_ex.o
 .debug_aranges
                0x000007b8      0x128 ./Drivers/STM32G4xx_HAL_Driver/Src/stm32g4xx_hal_cortex.o
 .debug_aranges
                0x000008e0       0x90 ./Drivers/STM32G4xx_HAL_Driver/Src/stm32g4xx_hal_dma.o
 .debug_aranges
                0x00000970      0x208 ./Drivers/STM32G4xx_HAL_Driver/Src/stm32g4xx_hal_fdcan.o
 .debug_aranges
                0x00000b78       0x58 ./Drivers/STM32G4xx_HAL_Driver/Src/stm32g4xx_hal_gpio.o
 .debug_aranges
                0x00000bd0      0x2a0 ./Drivers/STM32G4xx_HAL_Driver/Src/stm32g4xx_hal_i2c.o
 .debug_aranges
                0x00000e70       0x48 ./Drivers/STM32G4xx_HAL_Driver/Src/stm32g4xx_hal_i2c_ex.o
 .debug_aranges
                0x00000eb8      0x140 ./Drivers/STM32G4xx_HAL_Driver/Src/stm32g4xx_hal_pwr_ex.o
 .debug_aranges
                0x00000ff8       0x98 ./Drivers/STM32G4xx_HAL_Driver/Src/stm32g4xx_hal_rcc.o
 .debug_aranges
                0x00001090       0xb0 ./Drivers/STM32G4xx_HAL_Driver/Src/stm32g4xx_hal_rcc_ex.o
 .debug_aranges
                0x00001140      0x3e0 ./Drivers/STM32G4xx_HAL_Driver/Src/stm32g4xx_hal_tim.o
 .debug_aranges
                0x00001520      0x240 ./Drivers/STM32G4xx_HAL_Driver/Src/stm32g4xx_hal_tim_ex.o
 .debug_aranges
                0x00001760      0x248 ./Drivers/STM32G4xx_HAL_Driver/Src/stm32g4xx_hal_uart.o
 .debug_aranges
                0x000019a8       0xa8 ./Drivers/STM32G4xx_HAL_Driver/Src/stm32g4xx_hal_uart_ex.o

.debug_rnglists
                0x00000000     0x14a7
 .debug_rnglists
                0x00000000       0x3f ./Core/Src/i2c_slave.o
 .debug_rnglists
                0x0000003f       0xa4 ./Core/Src/main.o
 .debug_rnglists
                0x000000e3       0x5e ./Core/Src/stm32g4xx_hal_msp.o
 .debug_rnglists
                0x00000141       0x5b ./Core/Src/stm32g4xx_it.o
 .debug_rnglists
                0x0000019c       0x1a ./Core/Src/system_stm32g4xx.o
 .debug_rnglists
                0x000001b6       0x19 ./Core/Startup/startup_stm32g474vehx.o
 .debug_rnglists
                0x000001cf       0xf1 ./Drivers/STM32G4xx_HAL_Driver/Src/stm32g4xx_hal.o
 .debug_rnglists
                0x000002c0      0x1c0 ./Drivers/STM32G4xx_HAL_Driver/Src/stm32g4xx_hal_adc.o
 .debug_rnglists
                0x00000480      0x15a ./Drivers/STM32G4xx_HAL_Driver/Src/stm32g4xx_hal_adc_ex.o
 .debug_rnglists
                0x000005da       0xda ./Drivers/STM32G4xx_HAL_Driver/Src/stm32g4xx_hal_cortex.o
 .debug_rnglists
                0x000006b4       0x71 ./Drivers/STM32G4xx_HAL_Driver/Src/stm32g4xx_hal_dma.o
 .debug_rnglists
                0x00000725      0x18d ./Drivers/STM32G4xx_HAL_Driver/Src/stm32g4xx_hal_fdcan.o
 .debug_rnglists
                0x000008b2       0x3f ./Drivers/STM32G4xx_HAL_Driver/Src/stm32g4xx_hal_gpio.o
 .debug_rnglists
                0x000008f1      0x228 ./Drivers/STM32G4xx_HAL_Driver/Src/stm32g4xx_hal_i2c.o
 .debug_rnglists
                0x00000b19       0x35 ./Drivers/STM32G4xx_HAL_Driver/Src/stm32g4xx_hal_i2c_ex.o
 .debug_rnglists
                0x00000b4e       0xf1 ./Drivers/STM32G4xx_HAL_Driver/Src/stm32g4xx_hal_pwr_ex.o
 .debug_rnglists
                0x00000c3f       0x74 ./Drivers/STM32G4xx_HAL_Driver/Src/stm32g4xx_hal_rcc.o
 .debug_rnglists
                0x00000cb3       0x87 ./Drivers/STM32G4xx_HAL_Driver/Src/stm32g4xx_hal_rcc_ex.o
 .debug_rnglists
                0x00000d3a      0x328 ./Drivers/STM32G4xx_HAL_Driver/Src/stm32g4xx_hal_tim.o
 .debug_rnglists
                0x00001062      0x1cc ./Drivers/STM32G4xx_HAL_Driver/Src/stm32g4xx_hal_tim_ex.o
 .debug_rnglists
                0x0000122e      0x1fa ./Drivers/STM32G4xx_HAL_Driver/Src/stm32g4xx_hal_uart.o
 .debug_rnglists
                0x00001428       0x7f ./Drivers/STM32G4xx_HAL_Driver/Src/stm32g4xx_hal_uart_ex.o

.debug_macro    0x00000000    0x29cab
 .debug_macro   0x00000000      0x2fb ./Core/Src/i2c_slave.o
 .debug_macro   0x000002fb      0xad8 ./Core/Src/i2c_slave.o
 .debug_macro   0x00000dd3      0x16d ./Core/Src/i2c_slave.o
 .debug_macro   0x00000f40       0x2e ./Core/Src/i2c_slave.o
 .debug_macro   0x00000f6e       0x28 ./Core/Src/i2c_slave.o
 .debug_macro   0x00000f96       0x22 ./Core/Src/i2c_slave.o
 .debug_macro   0x00000fb8       0x8e ./Core/Src/i2c_slave.o
 .debug_macro   0x00001046       0x51 ./Core/Src/i2c_slave.o
 .debug_macro   0x00001097      0x103 ./Core/Src/i2c_slave.o
 .debug_macro   0x0000119a       0x6a ./Core/Src/i2c_slave.o
 .debug_macro   0x00001204      0x1df ./Core/Src/i2c_slave.o
 .debug_macro   0x000013e3       0x1c ./Core/Src/i2c_slave.o
 .debug_macro   0x000013ff       0x22 ./Core/Src/i2c_slave.o
 .debug_macro   0x00001421       0xfb ./Core/Src/i2c_slave.o
 .debug_macro   0x0000151c     0x1011 ./Core/Src/i2c_slave.o
 .debug_macro   0x0000252d      0x11f ./Core/Src/i2c_slave.o
 .debug_macro   0x0000264c    0x18b8c ./Core/Src/i2c_slave.o
 .debug_macro   0x0001b1d8       0x6d ./Core/Src/i2c_slave.o
 .debug_macro   0x0001b245     0x3558 ./Core/Src/i2c_slave.o
 .debug_macro   0x0001e79d      0x190 ./Core/Src/i2c_slave.o
 .debug_macro   0x0001e92d       0x5c ./Core/Src/i2c_slave.o
 .debug_macro   0x0001e989     0x171f ./Core/Src/i2c_slave.o
 .debug_macro   0x000200a8      0x600 ./Core/Src/i2c_slave.o
 .debug_macro   0x000206a8      0x1b6 ./Core/Src/i2c_slave.o
 .debug_macro   0x0002085e      0x34a ./Core/Src/i2c_slave.o
 .debug_macro   0x00020ba8      0x53c ./Core/Src/i2c_slave.o
 .debug_macro   0x000210e4      0x18b ./Core/Src/i2c_slave.o
 .debug_macro   0x0002126f       0x43 ./Core/Src/i2c_slave.o
 .debug_macro   0x000212b2      0x23d ./Core/Src/i2c_slave.o
 .debug_macro   0x000214ef     0x1112 ./Core/Src/i2c_slave.o
 .debug_macro   0x00022601      0x72e ./Core/Src/i2c_slave.o
 .debug_macro   0x00022d2f      0x391 ./Core/Src/i2c_slave.o
 .debug_macro   0x000230c0      0x211 ./Core/Src/i2c_slave.o
 .debug_macro   0x000232d1      0x6bd ./Core/Src/i2c_slave.o
 .debug_macro   0x0002398e      0x45c ./Core/Src/i2c_slave.o
 .debug_macro   0x00023dea      0x11c ./Core/Src/i2c_slave.o
 .debug_macro   0x00023f06      0x22c ./Core/Src/i2c_slave.o
 .debug_macro   0x00024132       0x61 ./Core/Src/i2c_slave.o
 .debug_macro   0x00024193       0xa5 ./Core/Src/i2c_slave.o
 .debug_macro   0x00024238      0x122 ./Core/Src/i2c_slave.o
 .debug_macro   0x0002435a      0x3d1 ./Core/Src/i2c_slave.o
 .debug_macro   0x0002472b      0xc0b ./Core/Src/i2c_slave.o
 .debug_macro   0x00025336      0x718 ./Core/Src/i2c_slave.o
 .debug_macro   0x00025a4e      0x693 ./Core/Src/i2c_slave.o
 .debug_macro   0x000260e1       0xa6 ./Core/Src/i2c_slave.o
 .debug_macro   0x00026187      0x358 ./Core/Src/i2c_slave.o
 .debug_macro   0x000264df       0x22 ./Core/Src/i2c_slave.o
 .debug_macro   0x00026501       0x61 ./Core/Src/i2c_slave.o
 .debug_macro   0x00026562       0x2a ./Core/Src/i2c_slave.o
 .debug_macro   0x0002658c       0x43 ./Core/Src/i2c_slave.o
 .debug_macro   0x000265cf       0x34 ./Core/Src/i2c_slave.o
 .debug_macro   0x00026603      0x370 ./Core/Src/i2c_slave.o
 .debug_macro   0x00026973       0x16 ./Core/Src/i2c_slave.o
 .debug_macro   0x00026989       0x4a ./Core/Src/i2c_slave.o
 .debug_macro   0x000269d3       0x34 ./Core/Src/i2c_slave.o
 .debug_macro   0x00026a07       0x10 ./Core/Src/i2c_slave.o
 .debug_macro   0x00026a17       0x58 ./Core/Src/i2c_slave.o
 .debug_macro   0x00026a6f       0x8e ./Core/Src/i2c_slave.o
 .debug_macro   0x00026afd       0x1c ./Core/Src/i2c_slave.o
 .debug_macro   0x00026b19      0x185 ./Core/Src/i2c_slave.o
 .debug_macro   0x00026c9e       0x10 ./Core/Src/i2c_slave.o
 .debug_macro   0x00026cae       0x3c ./Core/Src/i2c_slave.o
 .debug_macro   0x00026cea       0x20 ./Core/Src/i2c_slave.o
 .debug_macro   0x00026d0a      0x248 ./Core/Src/main.o
 .debug_macro   0x00026f52      0x27e ./Core/Src/main.o
 .debug_macro   0x000271d0      0x223 ./Core/Src/stm32g4xx_hal_msp.o
 .debug_macro   0x000273f3      0x22d ./Core/Src/stm32g4xx_it.o
 .debug_macro   0x00027620      0x214 ./Core/Src/system_stm32g4xx.o
 .debug_macro   0x00027834      0x262 ./Drivers/STM32G4xx_HAL_Driver/Src/stm32g4xx_hal.o
 .debug_macro   0x00027a96      0x231 ./Drivers/STM32G4xx_HAL_Driver/Src/stm32g4xx_hal_adc.o
 .debug_macro   0x00027cc7      0x220 ./Drivers/STM32G4xx_HAL_Driver/Src/stm32g4xx_hal_adc_ex.o
 .debug_macro   0x00027ee7      0x214 ./Drivers/STM32G4xx_HAL_Driver/Src/stm32g4xx_hal_cortex.o
 .debug_macro   0x000280fb      0x214 ./Drivers/STM32G4xx_HAL_Driver/Src/stm32g4xx_hal_dma.o
 .debug_macro   0x0002830f      0x326 ./Drivers/STM32G4xx_HAL_Driver/Src/stm32g4xx_hal_fdcan.o
 .debug_macro   0x00028635      0x21b ./Drivers/STM32G4xx_HAL_Driver/Src/stm32g4xx_hal_gpio.o
 .debug_macro   0x00028850      0x2e0 ./Drivers/STM32G4xx_HAL_Driver/Src/stm32g4xx_hal_i2c.o
 .debug_macro   0x00028b30      0x214 ./Drivers/STM32G4xx_HAL_Driver/Src/stm32g4xx_hal_i2c_ex.o
 .debug_macro   0x00028d44      0x23e ./Drivers/STM32G4xx_HAL_Driver/Src/stm32g4xx_hal_pwr_ex.o
 .debug_macro   0x00028f82      0x256 ./Drivers/STM32G4xx_HAL_Driver/Src/stm32g4xx_hal_rcc.o
 .debug_macro   0x000291d8      0x23e ./Drivers/STM32G4xx_HAL_Driver/Src/stm32g4xx_hal_rcc_ex.o
 .debug_macro   0x00029416      0x21c ./Drivers/STM32G4xx_HAL_Driver/Src/stm32g4xx_hal_tim.o
 .debug_macro   0x00029632      0x21a ./Drivers/STM32G4xx_HAL_Driver/Src/stm32g4xx_hal_tim_ex.o
 .debug_macro   0x0002984c      0x23f ./Drivers/STM32G4xx_HAL_Driver/Src/stm32g4xx_hal_uart.o
 .debug_macro   0x00029a8b      0x220 ./Drivers/STM32G4xx_HAL_Driver/Src/stm32g4xx_hal_uart_ex.o

.debug_line     0x00000000    0x1d9ac
 .debug_line    0x00000000      0xa39 ./Core/Src/i2c_slave.o
 .debug_line    0x00000a39     0x11ed ./Core/Src/main.o
 .debug_line    0x00001c26      0xd3f ./Core/Src/stm32g4xx_hal_msp.o
 .debug_line    0x00002965      0x896 ./Core/Src/stm32g4xx_it.o
 .debug_line    0x000031fb      0x7f4 ./Core/Src/system_stm32g4xx.o
 .debug_line    0x000039ef       0x7b ./Core/Startup/startup_stm32g474vehx.o
 .debug_line    0x00003a6a      0xbc0 ./Drivers/STM32G4xx_HAL_Driver/Src/stm32g4xx_hal.o
 .debug_line    0x0000462a     0x228f ./Drivers/STM32G4xx_HAL_Driver/Src/stm32g4xx_hal_adc.o
 .debug_line    0x000068b9     0x1be7 ./Drivers/STM32G4xx_HAL_Driver/Src/stm32g4xx_hal_adc_ex.o
 .debug_line    0x000084a0      0xd25 ./Drivers/STM32G4xx_HAL_Driver/Src/stm32g4xx_hal_cortex.o
 .debug_line    0x000091c5      0xebf ./Drivers/STM32G4xx_HAL_Driver/Src/stm32g4xx_hal_dma.o
 .debug_line    0x0000a084     0x1911 ./Drivers/STM32G4xx_HAL_Driver/Src/stm32g4xx_hal_fdcan.o
 .debug_line    0x0000b995      0xb99 ./Drivers/STM32G4xx_HAL_Driver/Src/stm32g4xx_hal_gpio.o
 .debug_line    0x0000c52e     0x3754 ./Drivers/STM32G4xx_HAL_Driver/Src/stm32g4xx_hal_i2c.o
 .debug_line    0x0000fc82      0x8ed ./Drivers/STM32G4xx_HAL_Driver/Src/stm32g4xx_hal_i2c_ex.o
 .debug_line    0x0001056f      0xd1f ./Drivers/STM32G4xx_HAL_Driver/Src/stm32g4xx_hal_pwr_ex.o
 .debug_line    0x0001128e     0x1043 ./Drivers/STM32G4xx_HAL_Driver/Src/stm32g4xx_hal_rcc.o
 .debug_line    0x000122d1     0x12b8 ./Drivers/STM32G4xx_HAL_Driver/Src/stm32g4xx_hal_rcc_ex.o
 .debug_line    0x00013589     0x4059 ./Drivers/STM32G4xx_HAL_Driver/Src/stm32g4xx_hal_tim.o
 .debug_line    0x000175e2     0x20c7 ./Drivers/STM32G4xx_HAL_Driver/Src/stm32g4xx_hal_tim_ex.o
 .debug_line    0x000196a9     0x360e ./Drivers/STM32G4xx_HAL_Driver/Src/stm32g4xx_hal_uart.o
 .debug_line    0x0001ccb7      0xcf5 ./Drivers/STM32G4xx_HAL_Driver/Src/stm32g4xx_hal_uart_ex.o

.debug_str      0x00000000   0x11ace9
 .debug_str     0x00000000   0x11ace9 ./Core/Src/i2c_slave.o
                             0x111af7 (size before relaxing)
 .debug_str     0x0011ace9   0x110734 ./Core/Src/main.o
 .debug_str     0x0011ace9   0x11055e ./Core/Src/stm32g4xx_hal_msp.o
 .debug_str     0x0011ace9   0x10f5ff ./Core/Src/stm32g4xx_it.o
 .debug_str     0x0011ace9   0x10e32b ./Core/Src/system_stm32g4xx.o
 .debug_str     0x0011ace9       0x89 ./Core/Startup/startup_stm32g474vehx.o
 .debug_str     0x0011ace9   0x10f03d ./Drivers/STM32G4xx_HAL_Driver/Src/stm32g4xx_hal.o
 .debug_str     0x0011ace9   0x10f358 ./Drivers/STM32G4xx_HAL_Driver/Src/stm32g4xx_hal_adc.o
 .debug_str     0x0011ace9   0x10f2fe ./Drivers/STM32G4xx_HAL_Driver/Src/stm32g4xx_hal_adc_ex.o
 .debug_str     0x0011ace9   0x10ecf9 ./Drivers/STM32G4xx_HAL_Driver/Src/stm32g4xx_hal_cortex.o
 .debug_str     0x0011ace9   0x10e705 ./Drivers/STM32G4xx_HAL_Driver/Src/stm32g4xx_hal_dma.o
 .debug_str     0x0011ace9   0x10f8da ./Drivers/STM32G4xx_HAL_Driver/Src/stm32g4xx_hal_fdcan.o
 .debug_str     0x0011ace9   0x10e4b6 ./Drivers/STM32G4xx_HAL_Driver/Src/stm32g4xx_hal_gpio.o
 .debug_str     0x0011ace9   0x10f635 ./Drivers/STM32G4xx_HAL_Driver/Src/stm32g4xx_hal_i2c.o
 .debug_str     0x0011ace9   0x10e94a ./Drivers/STM32G4xx_HAL_Driver/Src/stm32g4xx_hal_i2c_ex.o
 .debug_str     0x0011ace9   0x10e819 ./Drivers/STM32G4xx_HAL_Driver/Src/stm32g4xx_hal_pwr_ex.o
 .debug_str     0x0011ace9   0x10ea4a ./Drivers/STM32G4xx_HAL_Driver/Src/stm32g4xx_hal_rcc.o
 .debug_str     0x0011ace9   0x10ea74 ./Drivers/STM32G4xx_HAL_Driver/Src/stm32g4xx_hal_rcc_ex.o
 .debug_str     0x0011ace9   0x10f829 ./Drivers/STM32G4xx_HAL_Driver/Src/stm32g4xx_hal_tim.o
 .debug_str     0x0011ace9   0x10f49d ./Drivers/STM32G4xx_HAL_Driver/Src/stm32g4xx_hal_tim_ex.o
 .debug_str     0x0011ace9   0x10f2e6 ./Drivers/STM32G4xx_HAL_Driver/Src/stm32g4xx_hal_uart.o
 .debug_str     0x0011ace9   0x10eae4 ./Drivers/STM32G4xx_HAL_Driver/Src/stm32g4xx_hal_uart_ex.o

.comment        0x00000000       0x43
 .comment       0x00000000       0x43 ./Core/Src/i2c_slave.o
                                 0x44 (size before relaxing)
 .comment       0x00000043       0x44 ./Core/Src/main.o
 .comment       0x00000043       0x44 ./Core/Src/stm32g4xx_hal_msp.o
 .comment       0x00000043       0x44 ./Core/Src/stm32g4xx_it.o
 .comment       0x00000043       0x44 ./Core/Src/system_stm32g4xx.o
 .comment       0x00000043       0x44 ./Drivers/STM32G4xx_HAL_Driver/Src/stm32g4xx_hal.o
 .comment       0x00000043       0x44 ./Drivers/STM32G4xx_HAL_Driver/Src/stm32g4xx_hal_adc.o
 .comment       0x00000043       0x44 ./Drivers/STM32G4xx_HAL_Driver/Src/stm32g4xx_hal_adc_ex.o
 .comment       0x00000043       0x44 ./Drivers/STM32G4xx_HAL_Driver/Src/stm32g4xx_hal_cortex.o
 .comment       0x00000043       0x44 ./Drivers/STM32G4xx_HAL_Driver/Src/stm32g4xx_hal_dma.o
 .comment       0x00000043       0x44 ./Drivers/STM32G4xx_HAL_Driver/Src/stm32g4xx_hal_fdcan.o
 .comment       0x00000043       0x44 ./Drivers/STM32G4xx_HAL_Driver/Src/stm32g4xx_hal_gpio.o
 .comment       0x00000043       0x44 ./Drivers/STM32G4xx_HAL_Driver/Src/stm32g4xx_hal_i2c.o
 .comment       0x00000043       0x44 ./Drivers/STM32G4xx_HAL_Driver/Src/stm32g4xx_hal_i2c_ex.o
 .comment       0x00000043       0x44 ./Drivers/STM32G4xx_HAL_Driver/Src/stm32g4xx_hal_pwr_ex.o
 .comment       0x00000043       0x44 ./Drivers/STM32G4xx_HAL_Driver/Src/stm32g4xx_hal_rcc.o
 .comment       0x00000043       0x44 ./Drivers/STM32G4xx_HAL_Driver/Src/stm32g4xx_hal_rcc_ex.o
 .comment       0x00000043       0x44 ./Drivers/STM32G4xx_HAL_Driver/Src/stm32g4xx_hal_tim.o
 .comment       0x00000043       0x44 ./Drivers/STM32G4xx_HAL_Driver/Src/stm32g4xx_hal_tim_ex.o
 .comment       0x00000043       0x44 ./Drivers/STM32G4xx_HAL_Driver/Src/stm32g4xx_hal_uart.o
 .comment       0x00000043       0x44 ./Drivers/STM32G4xx_HAL_Driver/Src/stm32g4xx_hal_uart_ex.o

.debug_frame    0x00000000     0x7578
 .debug_frame   0x00000000      0x13c ./Core/Src/i2c_slave.o
 .debug_frame   0x0000013c      0x2e8 ./Core/Src/main.o
 .debug_frame   0x00000424      0x1d8 ./Core/Src/stm32g4xx_hal_msp.o
 .debug_frame   0x000005fc      0x174 ./Core/Src/stm32g4xx_it.o
 .debug_frame   0x00000770       0x58 ./Core/Src/system_stm32g4xx.o
 .debug_frame   0x000007c8      0x500 ./Drivers/STM32G4xx_HAL_Driver/Src/stm32g4xx_hal.o
 .debug_frame   0x00000cc8      0xacc ./Drivers/STM32G4xx_HAL_Driver/Src/stm32g4xx_hal_adc.o
 .debug_frame   0x00001794      0x81c ./Drivers/STM32G4xx_HAL_Driver/Src/stm32g4xx_hal_adc_ex.o
 .debug_frame   0x00001fb0      0x4e8 ./Drivers/STM32G4xx_HAL_Driver/Src/stm32g4xx_hal_cortex.o
 .debug_frame   0x00002498      0x24c ./Drivers/STM32G4xx_HAL_Driver/Src/stm32g4xx_hal_dma.o
 .debug_frame   0x000026e4      0x9b0 ./Drivers/STM32G4xx_HAL_Driver/Src/stm32g4xx_hal_fdcan.o
 .debug_frame   0x00003094      0x14c ./Drivers/STM32G4xx_HAL_Driver/Src/stm32g4xx_hal_gpio.o
 .debug_frame   0x000031e0      0xc38 ./Drivers/STM32G4xx_HAL_Driver/Src/stm32g4xx_hal_i2c.o
 .debug_frame   0x00003e18      0x100 ./Drivers/STM32G4xx_HAL_Driver/Src/stm32g4xx_hal_i2c_ex.o
 .debug_frame   0x00003f18      0x4fc ./Drivers/STM32G4xx_HAL_Driver/Src/stm32g4xx_hal_pwr_ex.o
 .debug_frame   0x00004414      0x23c ./Drivers/STM32G4xx_HAL_Driver/Src/stm32g4xx_hal_rcc.o
 .debug_frame   0x00004650      0x2ac ./Drivers/STM32G4xx_HAL_Driver/Src/stm32g4xx_hal_rcc_ex.o
 .debug_frame   0x000048fc     0x1220 ./Drivers/STM32G4xx_HAL_Driver/Src/stm32g4xx_hal_tim.o
 .debug_frame   0x00005b1c      0xa70 ./Drivers/STM32G4xx_HAL_Driver/Src/stm32g4xx_hal_tim_ex.o
 .debug_frame   0x0000658c      0xa94 ./Drivers/STM32G4xx_HAL_Driver/Src/stm32g4xx_hal_uart.o
 .debug_frame   0x00007020      0x2c0 ./Drivers/STM32G4xx_HAL_Driver/Src/stm32g4xx_hal_uart_ex.o
 .debug_frame   0x000072e0       0x20 /Applications/STM32CubeIDE.app/Contents/Eclipse/plugins/com.st.stm32cube.ide.mcu.externaltools.gnu-tools-for-stm32.13.3.rel1.macos64_1.0.0.202411102158/tools/bin/../lib/gcc/arm-none-eabi/13.3.1/../../../../arm-none-eabi/lib/thumb/v7e-m+fp/hard/libc_nano.a(libc_a-memset.o)
 .debug_frame   0x00007300       0x2c /Applications/STM32CubeIDE.app/Contents/Eclipse/plugins/com.st.stm32cube.ide.mcu.externaltools.gnu-tools-for-stm32.13.3.rel1.macos64_1.0.0.202411102158/tools/bin/../lib/gcc/arm-none-eabi/13.3.1/../../../../arm-none-eabi/lib/thumb/v7e-m+fp/hard/libc_nano.a(libc_a-init.o)
 .debug_frame   0x0000732c       0x28 /Applications/STM32CubeIDE.app/Contents/Eclipse/plugins/com.st.stm32cube.ide.mcu.externaltools.gnu-tools-for-stm32.13.3.rel1.macos64_1.0.0.202411102158/tools/bin/../lib/gcc/arm-none-eabi/13.3.1/../../../../arm-none-eabi/lib/thumb/v7e-m+fp/hard/libc_nano.a(libc_a-memcpy-stub.o)
 .debug_frame   0x00007354       0x30 /Applications/STM32CubeIDE.app/Contents/Eclipse/plugins/com.st.stm32cube.ide.mcu.externaltools.gnu-tools-for-stm32.13.3.rel1.macos64_1.0.0.202411102158/tools/bin/../lib/gcc/arm-none-eabi/13.3.1/thumb/v7e-m+fp/hard/libgcc.a(_arm_muldf3.o)
 .debug_frame   0x00007384       0xac /Applications/STM32CubeIDE.app/Contents/Eclipse/plugins/com.st.stm32cube.ide.mcu.externaltools.gnu-tools-for-stm32.13.3.rel1.macos64_1.0.0.202411102158/tools/bin/../lib/gcc/arm-none-eabi/13.3.1/thumb/v7e-m+fp/hard/libgcc.a(_arm_addsubdf3.o)
 .debug_frame   0x00007430       0xc4 /Applications/STM32CubeIDE.app/Contents/Eclipse/plugins/com.st.stm32cube.ide.mcu.externaltools.gnu-tools-for-stm32.13.3.rel1.macos64_1.0.0.202411102158/tools/bin/../lib/gcc/arm-none-eabi/13.3.1/thumb/v7e-m+fp/hard/libgcc.a(_arm_cmpdf2.o)
 .debug_frame   0x000074f4       0x24 /Applications/STM32CubeIDE.app/Contents/Eclipse/plugins/com.st.stm32cube.ide.mcu.externaltools.gnu-tools-for-stm32.13.3.rel1.macos64_1.0.0.202411102158/tools/bin/../lib/gcc/arm-none-eabi/13.3.1/thumb/v7e-m+fp/hard/libgcc.a(_arm_truncdfsf2.o)
 .debug_frame   0x00007518       0x2c /Applications/STM32CubeIDE.app/Contents/Eclipse/plugins/com.st.stm32cube.ide.mcu.externaltools.gnu-tools-for-stm32.13.3.rel1.macos64_1.0.0.202411102158/tools/bin/../lib/gcc/arm-none-eabi/13.3.1/thumb/v7e-m+fp/hard/libgcc.a(_aeabi_uldivmod.o)
 .debug_frame   0x00007544       0x34 /Applications/STM32CubeIDE.app/Contents/Eclipse/plugins/com.st.stm32cube.ide.mcu.externaltools.gnu-tools-for-stm32.13.3.rel1.macos64_1.0.0.202411102158/tools/bin/../lib/gcc/arm-none-eabi/13.3.1/thumb/v7e-m+fp/hard/libgcc.a(_udivmoddi4.o)

.debug_line_str
                0x00000000       0x6d
 .debug_line_str
                0x00000000       0x6d ./Core/Startup/startup_stm32g474vehx.o